[    0.000000] Linux version 4.15.0-212-generic (buildd@lcy02-amd64-083) (gcc version 7.5.0 (Ubuntu 7.5.0-3ubuntu1~18.04)) #223-Ubuntu SMP Tue May 23 13:09:22 UTC 2023 (Ubuntu 4.15.0-212.223-generic 4.15.18)
[    0.000000] Command line: BOOT_IMAGE=/boot/vmlinuz-4.15.0-212-generic root=LABEL=cloudimg-rootfs ro console=tty1 console=ttyS0
[    0.000000] KERNEL supported cpus:
[    0.000000]   Intel GenuineIntel
[    0.000000]   AMD AuthenticAMD
[    0.000000]   Centaur CentaurHauls
[    0.000000] x86/fpu: x87 FPU will use FXSAVE
[    0.000000] e820: BIOS-provided physical RAM map:
[    0.000000] BIOS-e820: [mem 0x0000000000000000-0x000000000009fbff] usable
[    0.000000] BIOS-e820: [mem 0x000000000009fc00-0x000000000009ffff] reserved
[    0.000000] BIOS-e820: [mem 0x00000000000f0000-0x00000000000fffff] reserved
[    0.000000] BIOS-e820: [mem 0x0000000000100000-0x000000003ffeffff] usable
[    0.000000] BIOS-e820: [mem 0x000000003fff0000-0x000000003fffffff] ACPI data
[    0.000000] BIOS-e820: [mem 0x00000000fec00000-0x00000000fec00fff] reserved
[    0.000000] BIOS-e820: [mem 0x00000000fee00000-0x00000000fee00fff] reserved
[    0.000000] BIOS-e820: [mem 0x00000000fffc0000-0x00000000ffffffff] reserved
[    0.000000] NX (Execute Disable) protection: active
[    0.000000] SMBIOS 2.5 present.
[    0.000000] DMI: innotek GmbH VirtualBox/VirtualBox, BIOS VirtualBox 12/01/2006
[    0.000000] Hypervisor detected: KVM
[    0.000000] e820: last_pfn = 0x3fff0 max_arch_pfn = 0x400000000
[    0.000000] x86/PAT: Configuration [0-7]: WB  WC  UC- UC  WB  WP  UC- WT  
[    0.000000] found SMP MP-table at [mem 0x0009fbf0-0x0009fbff]
[    0.000000] Scanning 1 areas for low memory corruption
[    0.000000] RAMDISK: [mem 0x359cb000-0x36cdcfff]
[    0.000000] ACPI: Early table checksum verification disabled
[    0.000000] ACPI: RSDP 0x00000000000E0000 000024 (v02 VBOX  )
[    0.000000] ACPI: XSDT 0x000000003FFF0030 00003C (v01 VBOX   VBOXXSDT 00000001 ASL  00000061)
[    0.000000] ACPI: FACP 0x000000003FFF00F0 0000F4 (v04 VBOX   VBOXFACP 00000001 ASL  00000061)
[    0.000000] ACPI: DSDT 0x000000003FFF02F0 002353 (v02 VBOX   VBOXBIOS 00000002 VBOX 000299F4)
[    0.000000] ACPI: FACS 0x000000003FFF0200 000040
[    0.000000] ACPI: FACS 0x000000003FFF0200 000040
[    0.000000] ACPI: APIC 0x000000003FFF0240 00005C (v02 VBOX   VBOXAPIC 00000001 ASL  00000061)
[    0.000000] ACPI: SSDT 0x000000003FFF02A0 000045 (v01 VBOX   VBOXCPUT 00000002 VBOX 000299F4)
[    0.000000] ACPI: Reserving FACP table memory at [mem 0x3fff00f0-0x3fff01e3]
[    0.000000] ACPI: Reserving DSDT table memory at [mem 0x3fff02f0-0x3fff2642]
[    0.000000] ACPI: Reserving FACS table memory at [mem 0x3fff0200-0x3fff023f]
[    0.000000] ACPI: Reserving FACS table memory at [mem 0x3fff0200-0x3fff023f]
[    0.000000] ACPI: Reserving APIC table memory at [mem 0x3fff0240-0x3fff029b]
[    0.000000] ACPI: Reserving SSDT table memory at [mem 0x3fff02a0-0x3fff02e4]
[    0.000000] No NUMA configuration found
[    0.000000] Faking a node at [mem 0x0000000000000000-0x000000003ffeffff]
[    0.000000] NODE_DATA(0) allocated [mem 0x3ffc5000-0x3ffeffff]
[    0.000000] kvm-clock: cpu 0, msr 0:3ff44001, primary cpu clock
[    0.000000] kvm-clock: Using msrs 4b564d01 and 4b564d00
[    0.000000] kvm-clock: using sched offset of 6633370746 cycles
[    0.000000] clocksource: kvm-clock: mask: 0xffffffffffffffff max_cycles: 0x1cd42e4dffb, max_idle_ns: 881590591483 ns
[    0.000000] Zone ranges:
[    0.000000]   DMA      [mem 0x0000000000001000-0x0000000000ffffff]
[    0.000000]   DMA32    [mem 0x0000000001000000-0x000000003ffeffff]
[    0.000000]   Normal   empty
[    0.000000]   Device   empty
[    0.000000] Movable zone start for each node
[    0.000000] Early memory node ranges
[    0.000000]   node   0: [mem 0x0000000000001000-0x000000000009efff]
[    0.000000]   node   0: [mem 0x0000000000100000-0x000000003ffeffff]
[    0.000000] Reserved but unavailable: 104 pages
[    0.000000] Initmem setup node 0 [mem 0x0000000000001000-0x000000003ffeffff]
[    0.000000] ACPI: PM-Timer IO Port: 0x4008
[    0.000000] IOAPIC[0]: apic_id 2, version 32, address 0xfec00000, GSI 0-23
[    0.000000] ACPI: INT_SRC_OVR (bus 0 bus_irq 0 global_irq 2 dfl dfl)
[    0.000000] ACPI: INT_SRC_OVR (bus 0 bus_irq 9 global_irq 9 low level)
[    0.000000] Using ACPI (MADT) for SMP configuration information
[    0.000000] smpboot: Allowing 2 CPUs, 0 hotplug CPUs
[    0.000000] PM: Registered nosave memory: [mem 0x00000000-0x00000fff]
[    0.000000] PM: Registered nosave memory: [mem 0x0009f000-0x0009ffff]
[    0.000000] PM: Registered nosave memory: [mem 0x000a0000-0x000effff]
[    0.000000] PM: Registered nosave memory: [mem 0x000f0000-0x000fffff]
[    0.000000] e820: [mem 0x40000000-0xfebfffff] available for PCI devices
[    0.000000] Booting paravirtualized kernel on KVM
[    0.000000] clocksource: refined-jiffies: mask: 0xffffffff max_cycles: 0xffffffff, max_idle_ns: 7645519600211568 ns
[    0.000000] setup_percpu: NR_CPUS:8192 nr_cpumask_bits:2 nr_cpu_ids:2 nr_node_ids:1
[    0.000000] percpu: Embedded 50 pages/cpu s167936 r8192 d28672 u1048576
[    0.000000] PV qspinlock hash table entries: 256 (order: 0, 4096 bytes)
[    0.000000] Built 1 zonelists, mobility grouping on.  Total pages: 257913
[    0.000000] Policy zone: DMA32
[    0.000000] Kernel command line: BOOT_IMAGE=/boot/vmlinuz-4.15.0-212-generic root=LABEL=cloudimg-rootfs ro console=tty1 console=ttyS0
[    0.000000] Memory: 982644K/1048120K available (12300K kernel code, 2477K rwdata, 4324K rodata, 2480K init, 2720K bss, 65476K reserved, 0K cma-reserved)
[    0.000000] SLUB: HWalign=64, Order=0-3, MinObjects=0, CPUs=2, Nodes=1
[    0.000000] Kernel/User page tables isolation: enabled
[    0.000000] ftrace: allocating 39508 entries in 155 pages
[    0.004000] Hierarchical RCU implementation.
[    0.004000] 	RCU restricting CPUs from NR_CPUS=8192 to nr_cpu_ids=2.
[    0.004000] 	Tasks RCU enabled.
[    0.004000] RCU: Adjusting geometry for rcu_fanout_leaf=16, nr_cpu_ids=2
[    0.004000] NR_IRQS: 524544, nr_irqs: 440, preallocated irqs: 16
[    0.004000] Console: colour VGA+ 80x25
[    0.004000] console [tty1] enabled
[    0.004000] console [ttyS0] enabled
[    0.004000] ACPI: Core revision 20170831
[    0.004000] ACPI: 2 ACPI AML tables successfully acquired and loaded
[    0.004000] APIC: Switch to symmetric I/O mode setup
[    0.004000] x2apic enabled
[    0.004000] Switched APIC routing to physical x2apic.
[    0.005500] ..TIMER: vector=0x30 apic1=0 pin1=2 apic2=-1 pin2=-1
[    0.008006] tsc: Detected 2664.768 MHz processor
[    0.009306] Calibrating delay loop (skipped) preset value.. 5329.53 BogoMIPS (lpj=10659072)
[    0.012010] pid_max: default: 32768 minimum: 301
[    0.013331] Security Framework initialized
[    0.016004] Yama: becoming mindful.
[    0.017158] AppArmor: AppArmor initialized
[    0.020071] Dentry cache hash table entries: 131072 (order: 8, 1048576 bytes)
[    0.022026] Inode-cache hash table entries: 65536 (order: 7, 524288 bytes)
[    0.024025] Mount-cache hash table entries: 2048 (order: 2, 16384 bytes)
[    0.025813] Mountpoint-cache hash table entries: 2048 (order: 2, 16384 bytes)
[    0.028622] Last level iTLB entries: 4KB 512, 2MB 7, 4MB 7
[    0.032011] Last level dTLB entries: 4KB 512, 2MB 32, 4MB 32, 1GB 0
[    0.033678] Spectre V1 : Mitigation: usercopy/swapgs barriers and __user pointer sanitization
[    0.036007] Spectre V2 : Mitigation: Retpolines
[    0.037195] Spectre V2 : Spectre v2 / SpectreRSB mitigation: Filling RSB on context switch
[    0.039375] Spectre V2 : Spectre v2 / SpectreRSB : Filling RSB on VMEXIT
[    0.040005] Speculative Store Bypass: Vulnerable
[    0.041299] MDS: Vulnerable: Clear CPU buffers attempted, no microcode
[    0.044003] MMIO Stale Data: Unknown: No mitigations
[    0.045696] Freeing SMP alternatives memory: 36K
[    0.157699] smpboot: CPU0: Intel(R) Core(TM) i7 CPU         920  @ 2.67GHz (family: 0x6, model: 0x1a, stepping: 0x4)
[    0.160000] Performance Events: unsupported p6 CPU model 26 no PMU driver, software events only.
[    0.160115] Hierarchical SRCU implementation.
[    0.164621] NMI watchdog: Perf event create on CPU 0 failed with -2
[    0.166308] NMI watchdog: Perf NMI watchdog permanently disabled
[    0.168124] smp: Bringing up secondary CPUs ...
[    0.169565] x86: Booting SMP configuration:
[    0.170698] .... node  #0, CPUs:      #1
[    0.004000] kvm-clock: cpu 1, msr 0:3ff44041, secondary cpu clock
[    0.175392] smp: Brought up 1 node, 2 CPUs
[    0.176008] smpboot: Max logical packages: 1
[    0.177263] smpboot: Total of 2 processors activated (10659.07 BogoMIPS)
[    0.180006] devtmpfs: initialized
[    0.181519] x86/mm: Memory block size: 128MB
[    0.183581] evm: security.selinux
[    0.184006] evm: security.SMACK64
[    0.184948] evm: security.SMACK64EXEC
[    0.185931] evm: security.SMACK64TRANSMUTE
[    0.188003] evm: security.SMACK64MMAP
[    0.189042] evm: security.apparmor
[    0.190001] evm: security.ima
[    0.190867] evm: security.capability
[    0.192125] clocksource: jiffies: mask: 0xffffffff max_cycles: 0xffffffff, max_idle_ns: 7645041785100000 ns
[    0.196030] futex hash table entries: 512 (order: 3, 32768 bytes)
[    0.197882] pinctrl core: initialized pinctrl subsystem
[    0.201880] RTC time: 19:56:26, date: 09/25/25
[    0.204324] NET: Registered protocol family 16
[    0.205643] audit: initializing netlink subsys (disabled)
[    0.207172] audit: type=2000 audit(1758830194.141:1): state=initialized audit_enabled=0 res=1
[    0.208042] cpuidle: using governor ladder
[    0.209404] cpuidle: using governor menu
[    0.212101] ACPI: bus type PCI registered
[    0.213212] acpiphp: ACPI Hot Plug PCI Controller Driver version: 0.5
[    0.215017] PCI: Using configuration type 1 for base access
[    0.217394] HugeTLB registered 2.00 MiB page size, pre-allocated 0 pages
[    0.220099] ACPI: Added _OSI(Module Device)
[    0.221283] ACPI: Added _OSI(Processor Device)
[    0.222539] ACPI: Added _OSI(3.0 _SCP Extensions)
[    0.224005] ACPI: Added _OSI(Processor Aggregator Device)
[    0.225845] ACPI: Added _OSI(Linux-Dell-Video)
[    0.228005] ACPI: Added _OSI(Linux-Lenovo-NV-HDMI-Audio)
[    0.229437] ACPI: Added _OSI(Linux-HPI-Hybrid-Graphics)
[    0.231234] ACPI: Executed 1 blocks of module-level executable AML code
[    0.237713] ACPI: Interpreter enabled
[    0.238822] ACPI: (supports S0 S5)
[    0.239777] ACPI: Using IOAPIC for interrupt routing
[    0.240351] PCI: Using host bridge windows from ACPI; if necessary, use "pci=nocrs" and report a bug
[    0.244240] ACPI: Enabled 2 GPEs in block 00 to 07
[    0.255726] ACPI: PCI Root Bridge [PCI0] (domain 0000 [bus 00-ff])
[    0.256011] acpi PNP0A03:00: _OSC: OS supports [ASPM ClockPM Segments MSI]
[    0.258680] acpi PNP0A03:00: _OSC: not requesting OS control; OS requires [ExtendedConfig ASPM ClockPM MSI]
[    0.260036] acpi PNP0A03:00: fail to add MMCONFIG information, can't access extended PCI configuration space under this bridge.
[    0.264670] PCI host bridge to bus 0000:00
[    0.268007] pci_bus 0000:00: root bus resource [io  0x0000-0x0cf7 window]
[    0.269837] pci_bus 0000:00: root bus resource [io  0x0d00-0xffff window]
[    0.272008] pci_bus 0000:00: root bus resource [mem 0x000a0000-0x000bffff window]
[    0.274121] pci_bus 0000:00: root bus resource [mem 0x40000000-0xfdffffff window]
[    0.276011] pci_bus 0000:00: root bus resource [bus 00-ff]
[    0.282546] pci 0000:00:01.1: legacy IDE quirk: reg 0x10: [io  0x01f0-0x01f7]
[    0.284005] pci 0000:00:01.1: legacy IDE quirk: reg 0x14: [io  0x03f6]
[    0.285816] pci 0000:00:01.1: legacy IDE quirk: reg 0x18: [io  0x0170-0x0177]
[    0.288005] pci 0000:00:01.1: legacy IDE quirk: reg 0x1c: [io  0x0376]
[    0.309701] pci 0000:00:07.0: quirk: [io  0x4000-0x403f] claimed by PIIX4 ACPI
[    0.312027] pci 0000:00:07.0: quirk: [io  0x4100-0x410f] claimed by PIIX4 SMB
[    0.322316] ACPI: PCI Interrupt Link [LNKA] (IRQs 5 9 10 *11)
[    0.324144] ACPI: PCI Interrupt Link [LNKB] (IRQs 5 9 *10 11)
[    0.325844] ACPI: PCI Interrupt Link [LNKC] (IRQs 5 *9 10 11)
[    0.327909] ACPI: PCI Interrupt Link [LNKD] (IRQs 5 9 10 *11)
[    0.328670] SCSI subsystem initialized
[    0.332107] pci 0000:00:02.0: vgaarb: setting as boot VGA device
[    0.334586] pci 0000:00:02.0: vgaarb: VGA device added: decodes=io+mem,owns=io+mem,locks=none
[    0.336019] pci 0000:00:02.0: vgaarb: bridge control possible
[    0.337797] vgaarb: loaded
[    0.340065] ACPI: bus type USB registered
[    0.341187] usbcore: registered new interface driver usbfs
[    0.342721] usbcore: registered new interface driver hub
[    0.344027] usbcore: registered new device driver usb
[    0.345474] EDAC MC: Ver: 3.0.0
[    0.345474] PCI: Using ACPI for IRQ routing
[    0.348379] NetLabel: Initializing
[    0.349495] NetLabel:  domain hash size = 128
[    0.350674] NetLabel:  protocols = UNLABELED CIPSOv4 CALIPSO
[    0.352022] NetLabel:  unlabeled traffic allowed by default
[    0.353515] clocksource: Switched to clocksource kvm-clock
[    0.375732] VFS: Disk quotas dquot_6.6.0
[    0.376918] VFS: Dquot-cache hash table entries: 512 (order 0, 4096 bytes)
[    0.378845] AppArmor: AppArmor Filesystem Enabled
[    0.380137] pnp: PnP ACPI init
[    0.382569] pnp: PnP ACPI: found 3 devices
[    0.394145] clocksource: acpi_pm: mask: 0xffffff max_cycles: 0xffffff, max_idle_ns: 2085701024 ns
[    0.397362] NET: Registered protocol family 2
[    0.398699] IP idents hash table entries: 16384 (order: 5, 131072 bytes)
[    0.402743] TCP established hash table entries: 8192 (order: 4, 65536 bytes)
[    0.406710] TCP bind hash table entries: 8192 (order: 5, 131072 bytes)
[    0.408546] TCP: Hash tables configured (established 8192 bind 8192)
[    0.410327] UDP hash table entries: 512 (order: 2, 16384 bytes)
[    0.411973] UDP-Lite hash table entries: 512 (order: 2, 16384 bytes)
[    0.413780] NET: Registered protocol family 1
[    0.414986] pci 0000:00:00.0: Limiting direct PCI/PCI transfers
[    0.416602] pci 0000:00:01.0: Activating ISA DMA hang workarounds
[    0.418245] pci 0000:00:02.0: Video device with shadowed ROM at [mem 0x000c0000-0x000dffff]
[    0.420573] Unpacking initramfs...
[    0.894686] Freeing initrd memory: 19528K
[    0.897243] clocksource: tsc: mask: 0xffffffffffffffff max_cycles: 0x26693be39b2, max_idle_ns: 440795243231 ns
[    0.899957] platform rtc_cmos: registered platform RTC device (no PNP device found)
[    0.902098] Scanning for low memory corruption every 60 seconds
[    0.904509] Initialise system trusted keyrings
[    0.905767] Key type blacklist registered
[    0.906968] workingset: timestamp_bits=36 max_order=18 bucket_order=0
[    0.910785] zbud: loaded
[    0.912300] squashfs: version 4.0 (2009/01/31) Phillip Lougher
[    0.919790] fuse init (API version 7.26)
[    0.928777] Key type asymmetric registered
[    0.930291] Asymmetric key parser 'x509' registered
[    0.931760] Block layer SCSI generic (bsg) driver version 0.4 loaded (major 246)
[    0.933998] io scheduler noop registered
[    0.935081] io scheduler deadline registered
[    0.936551] io scheduler cfq registered (default)
[    0.938265] ACPI: AC Adapter [AC] (on-line)
[    0.939469] input: Power Button as /devices/LNXSYSTM:00/LNXPWRBN:00/input/input0
[    0.942312] ACPI: Power Button [PWRF]
[    0.943673] input: Sleep Button as /devices/LNXSYSTM:00/LNXSLPBN:00/input/input1
[    0.946892] ACPI: Sleep Button [SLPF]
[    0.948991] Serial: 8250/16550 driver, 32 ports, IRQ sharing enabled
[    0.973637] 00:02: ttyS0 at I/O 0x3f8 (irq = 4, base_baud = 115200) is a 16550A
[    0.981985] Linux agpgart interface v0.103
[    0.987458] loop: module loaded
[    0.989187] scsi host0: ata_piix
[    0.990854] scsi host1: ata_piix
[    0.993235] ata1: PATA max UDMA/33 cmd 0x1f0 ctl 0x3f6 bmdma 0xd000 irq 14
[    0.996573] ata2: PATA max UDMA/33 cmd 0x170 ctl 0x376 bmdma 0xd008 irq 15
[    0.999455] tun: Universal TUN/TAP device driver, 1.6
[    1.001324] PPP generic driver version 2.4.2
[    1.002570] ehci_hcd: USB 2.0 'Enhanced' Host Controller (EHCI) Driver
[    1.004321] ehci-pci: EHCI PCI platform driver
[    1.005614] ehci-platform: EHCI generic platform driver
[    1.007573] ohci_hcd: USB 1.1 'Open' Host Controller (OHCI) Driver
[    1.009867] ohci-pci: OHCI PCI platform driver
[    1.011657] ohci-platform: OHCI generic platform driver
[    1.013141] uhci_hcd: USB Universal Host Controller Interface driver
[    1.015149] i8042: PNP: PS/2 Controller [PNP0303:PS2K,PNP0f03:PS2M] at 0x60,0x64 irq 1,12
[    1.019008] serio: i8042 KBD port at 0x60,0x64 irq 1
[    1.020450] serio: i8042 AUX port at 0x60,0x64 irq 12
[    1.021896] mousedev: PS/2 mouse device common for all mice
[    1.023824] input: AT Translated Set 2 keyboard as /devices/platform/i8042/serio0/input/input2
[    1.029103] rtc_cmos rtc_cmos: rtc core: registered rtc_cmos as rtc0
[    1.030859] rtc_cmos rtc_cmos: alarms up to one day, 114 bytes nvram
[    1.032552] i2c /dev entries driver
[    1.033604] device-mapper: uevent: version 1.0.3
[    1.035542] device-mapper: ioctl: 4.37.0-ioctl (2017-09-20) initialised: dm-devel@redhat.com
[    1.038002] ledtrig-cpu: registered to indicate activity on CPUs
[    1.040205] NET: Registered protocol family 10
[    1.048226] Segment Routing with IPv6
[    1.049341] NET: Registered protocol family 17
[    1.050727] Key type dns_resolver registered
[    1.052165] mce: Using 0 MCE banks
[    1.053194] RAS: Correctable Errors collector initialized.
[    1.054764] sched_clock: Marking stable (1052126742, 0)->(1330026292, -277899550)
[    1.060873] registered taskstats version 1
[    1.063076] Loading compiled-in X.509 certificates
[    1.069006] Loaded X.509 cert 'Build time autogenerated kernel key: b5b26778eaa3ab3a4a6cee031137706e947d12ad'
[    1.072652] Loaded X.509 cert 'Canonical Ltd. Live Patch Signing: 14df34d1a87cf37625abec039ef2bf521249b969'
[    1.077429] Loaded X.509 cert 'Canonical Ltd. Kernel Module Signing: 88f752e560a1e0737e31163a466ad7b70a850c19'
[    1.080102] blacklist: Loading compiled-in revocation X.509 certificates
[    1.082006] Loaded X.509 cert 'Canonical Ltd. Secure Boot Signing: 61482aa2830d0ab2ad5af10b7250da9033ddcef0'
[    1.084674] Loaded X.509 cert 'Canonical Ltd. Secure Boot Signing (2017): 242ade75ac4a15e50d50c84b0d45ff3eae707a03'
[    1.087469] Loaded X.509 cert 'Canonical Ltd. Secure Boot Signing (ESM 2018): 365188c1d374d6b07c3c8f240f8ef722433d6a8b'
[    1.090346] Loaded X.509 cert 'Canonical Ltd. Secure Boot Signing (2019): c0746fd6c5da3ae827864651ad66ae47fe24b3e8'
[    1.095119] Loaded X.509 cert 'Canonical Ltd. Secure Boot Signing (2021 v1): a8d54bbb3825cfb94fa13c9f8a594a195c107b8d'
[    1.098083] Loaded X.509 cert 'Canonical Ltd. Secure Boot Signing (2021 v2): 4cf046892d6fd3c9a5b03f98d845f90851dc6a8c'
[    1.100941] Loaded X.509 cert 'Canonical Ltd. Secure Boot Signing (2021 v3): 100437bb6de6e469b581e61cd66bce3ef4ed53af'
[    1.103741] Loaded X.509 cert 'Canonical Ltd. Secure Boot Signing (Ubuntu Core 2019): c1d57b8f6b743f23ee41f4f7ee292f06eecadfb9'
[    1.108195] zswap: loaded using pool lzo/zbud
[    1.116501] Key type big_key registered
[    1.117606] Key type trusted registered
[    1.122231] Key type encrypted registered
[    1.123531] AppArmor: AppArmor sha1 policy hashing enabled
[    1.126425] ima: No TPM chip found, activating TPM-bypass! (rc=-19)
[    1.129149] ima: Allocated hash algorithm: sha1
[    1.131136] evm: HMAC attrs: 0x1
[    1.132719]   Magic number: 9:804:951
[    1.134300] tty tty8: hash matches
[    1.135282] memory memory4: hash matches
[    1.136536] rtc_cmos rtc_cmos: setting system clock to 2025-09-25 19:56:27 UTC (1758830187)
[    1.138916] BIOS EDD facility v0.16 2004-Jun-25, 0 devices found
[    1.140628] EDD information not available.
[    1.186673] Freeing unused kernel image memory: 2480K
[    1.200547] Write protecting the kernel read-only data: 20480k
[    1.204989] Freeing unused kernel image memory: 2008K
[    1.208217] Freeing unused kernel image memory: 1820K
[    1.222755] x86/mm: Checked W+X mappings: passed, no W+X pages found.
[    1.225937] x86/mm: Checking user space page tables
[    1.240009] x86/mm: Checked W+X mappings: passed, no W+X pages found.
Loading, please wait...
starting version 237
[    1.439955] e1000: Intel(R) PRO/1000 Network Driver - version 7.3.21-k8-NAPI
[    1.442870] e1000: Copyright (c) 1999-2006 Intel Corporation.
[    1.452524] Fusion MPT base driver 3.04.20
[    1.453901] Copyright (c) 1999-2008 LSI Corporation
[    1.472982] Fusion MPT SPI Host driver 3.04.20
[    1.659074] input: ImExPS/2 Generic Explorer Mouse as /devices/platform/i8042/serio1/input/input4
[    1.906251] e1000 0000:00:03.0 eth0: (PCI:33MHz:32-bit) 02:3b:7b:b7:3b:2d
[    1.908939] e1000 0000:00:03.0 eth0: Intel(R) PRO/1000 Network Connection
[    1.913950] e1000 0000:00:03.0 enp0s3: renamed from eth0
[    1.916046] mptbase: ioc0: Initiating bringup
[    2.025167] ioc0: LSI53C1030 A0: Capabilities={Initiator}
[    2.270094] scsi host2: ioc0: LSI53C1030 A0, FwRev=00000000h, Ports=1, MaxQ=256, IRQ=20
[    2.440752] scsi 2:0:0:0: Direct-Access     VBOX     HARDDISK         1.0  PQ: 0 ANSI: 5
[    2.476457] scsi target2:0:0: Beginning Domain Validation
[    2.481336] scsi target2:0:0: Domain Validation skipping write tests
[    2.484025] scsi target2:0:0: Ending Domain Validation
[    2.486313] scsi target2:0:0: asynchronous
[    2.488845] scsi 2:0:1:0: Direct-Access     VBOX     HARDDISK         1.0  PQ: 0 ANSI: 5
[    2.520437] scsi target2:0:1: Beginning Domain Validation
[    2.524919] scsi target2:0:1: Domain Validation skipping write tests
[    2.528198] scsi target2:0:1: Ending Domain Validation
[    2.530914] scsi target2:0:1: asynchronous
[    2.543054] sd 2:0:0:0: [sda] 83886080 512-byte logical blocks: (42.9 GB/40.0 GiB)
[    2.546135] sd 2:0:0:0: Attached scsi generic sg0 type 0
[    2.558763] sd 2:0:0:0: [sda] Write Protect is off
[    2.561943] sd 2:0:0:0: [sda] Write cache: enabled, read cache: enabled, supports DPO and FUA
[    2.566731] sd 2:0:1:0: [sdb] 20480 512-byte logical blocks: (10.5 MB/10.0 MiB)
[    2.570335] sd 2:0:1:0: Attached scsi generic sg1 type 0
[    2.571506]  sda: sda1
[    2.572664] sd 2:0:1:0: [sdb] Write Protect is off
[    2.575103] sd 2:0:0:0: [sda] Attached SCSI disk
[    2.577705] sd 2:0:1:0: [sdb] Write cache: enabled, read cache: enabled, supports DPO and FUA
[    2.587138] sd 2:0:1:0: [sdb] Attached SCSI disk
Begin: Loading essential drivers ... [    4.276095] raid6: sse2x1   gen()  5992 MB/s
[    4.324687] raid6: sse2x1   xor()  4452 MB/s
[    4.372455] raid6: sse2x2   gen()  6988 MB/s
[    4.420302] raid6: sse2x2   xor()  5311 MB/s
[    4.468213] raid6: sse2x4   gen()  7818 MB/s
[    4.516044] raid6: sse2x4   xor()  6346 MB/s
[    4.517313] raid6: using algorithm sse2x4 gen() 7818 MB/s
[    4.518730] raid6: .... xor() 6346 MB/s, rmw enabled
[    4.520085] raid6: using ssse3x2 recovery algorithm
[    4.523598] xor: measuring software checksum speed
[    4.564892]    prefetch64-sse: 12313.000 MB/sec
[    4.604864]    generic_sse: 11710.000 MB/sec
[    4.606080] xor: using function: prefetch64-sse (12313.000 MB/sec)
[    4.610040] async_tx: api initialized (async)
done.
Begin: Running /scripts/init-premount ... done.
Begin: Mounting root file system ... Begin: Running /scripts/local-top ... done.
Begin: Running /scripts/local-premount ... [    4.688287] Btrfs loaded, crc32c=crc32c-intel
Scanning for Btrfs filesystems
done.
Warning: fsck not present, so skipping root file system
[    4.735315] EXT4-fs (sda1): mounted filesystem with ordered data mode. Opts: (null)
done.
Begin: Running /scripts/local-bottom ... done.
Begin: Running /scripts/init-bottom ... done.
[    5.150779] ip_tables: (C) 2000-2006 Netfilter Core Team
[    5.177221] systemd[1]: systemd 237 running in system mode. (+PAM +AUDIT +SELINUX +IMA +APPARMOR +SMACK +SYSVINIT +UTMP +LIBCRYPTSETUP +GCRYPT +GNUTLS +ACL +XZ +LZ4 +SECCOMP +BLKID +ELFUTILS +KMOD -IDN2 +IDN -PCRE2 default-hierarchy=hybrid)
[    5.184962] systemd[1]: Detected virtualization oracle.
[    5.186357] systemd[1]: Detected architecture x86-64.

Welcome to [1mUbuntu 18.04.6 LTS[0m!

[    5.204718] systemd[1]: Set hostname to <ubuntu>.
[    5.213432] random: systemd: uninitialized urandom read (16 bytes read)
[    5.215206] systemd[1]: Initializing machine ID from random generator.
[    5.217434] systemd[1]: Installed transient /etc/machine-id file.
[    5.619238] random: systemd: uninitialized urandom read (16 bytes read)
[    5.621081] systemd[1]: Reached target User and Group Name Lookups.
[[0;32m  OK  [0m] Reached target User and Group Name Lookups.
[    5.623496] random: systemd: uninitialized urandom read (16 bytes read)
[    5.625299] systemd[1]: Reached target System Time Synchronized.
[[0;32m  OK  [0m] Reached target System Time Synchronized.
[    5.630531] systemd[1]: Created slice User and Session Slice.
[[0;32m  OK  [0m] Created slice User and Session Slice.
[    5.634551] systemd[1]: Created slice System Slice.
[[0;32m  OK  [0m] Created slice System Slice.
[[0;32m  OK  [0m] Listening on udev Control Socket.
[[0;32m  OK  [0m] Listening on Network Service Netlink Socket.
[[0;32m  OK  [0m] Listening on LVM2 poll daemon socket.
[[0;32m  OK  [0m] Listening on LVM2 metadata daemon socket.
[[0;32m  OK  [0m] Reached target Slices.
[[0;32m  OK  [0m] Listening on Device-mapper event daemon FIFOs.
[[0;32m  OK  [0m] Set up automount Arbitrary Executabâ€¦rmats File System Automount Point.
[[0;32m  OK  [0m] Reached target Mounting snaps.
[[0;32m  OK  [0m] Listening on /dev/initctl Compatibility Named Pipe.
[[0;32m  OK  [0m] Listening on Syslog Socket.
[[0;32m  OK  [0m] Reached target Swap.
[[0;32m  OK  [0m] Reached target Mounted snaps.
[[0;32m  OK  [0m] Listening on Journal Socket (/dev/log).
[[0;32m  OK  [0m] Listening on Journal Socket.
         Starting Set the console keyboard layout...
         Starting Create list of required stâ€¦ce nodes for the current kernel...
         Starting Uncomplicated firewall...
         Mounting Huge Pages File System...
         Starting Load Kernel Modules...
         Mounting Kernel Debug File System...
         Starting Monitoring of LVM2 mirrorsâ€¦ng dmeventd or progress polling...
         Mounting POSIX Message Queue File System...
[[0;32m  OK  [0m] Started Forward Password Requests to Wall Directory Watch.
[[0;32m  OK  [0m] Listening on Journal Audit Socket.
         Starting Journal Service...
[[0;32m  OK  [0m] Created slice system-serial\x2dgetty.slice.
[[0;32m  OK  [0m] Listening on fsck to fsckd communication Socket.
         Starting File System Check on Root Device...
[[0;32m  OK  [0m] Listening on udev Kernel Socket.
         Starting udev Coldplug all Devices...
[[0;32m  OK  [0m] Started Create list of required staâ€¦vice nodes for the current kernel.
[[0;32m  OK  [0m] Started Uncomplicated firewall.
         Starting Create Static Device Nodes in /dev...
[[0;32m  OK  [0m] Started LVM2 metadata daemon.
[[0;32m  OK  [0m] Mounted Huge Pages File System.
[[0;32m  OK  [0m] Mounted Kernel Debug File System.
[[0;32m  OK  [0m] Mounted POSIX Message Queue File System.
[    5.886836] Loading iSCSI transport class v2.0-870.
[    5.899465] iscsi: registered transport (tcp)
[[0;32m  OK  [0m] Started Journal Service.
[    5.938506] iscsi: registered transport (iser)
[[0;32m  OK  [0m] Started Load Kernel Modules.
         Mounting Kernel Configuration File System...
         Starting Apply Kernel Variables...
         Mounting FUSE Control File System...
[[0;32m  OK  [0m] Mounted Kernel Configuration File System.
[[0;32m  OK  [0m] Mounted FUSE Control File System.
[[0;32m  OK  [0m] Started File System Check Daemon to report status.
[[0;32m  OK  [0m] Started udev Coldplug all Devices.
[[0;32m  OK  [0m] Started File System Check on Root Device.
         Starting Remount Root and Kernel File Systems...
[[0;32m  OK  [0m] Started Create Static Device Nodes in /dev.
[[0;32m  OK  [0m] Started Monitoring of LVM2 mirrors,â€¦sing dmeventd or progress polling.
[[0;32m  OK  [0m] Started Apply Kernel Variables.
[[0;32m  OK  [0m] Started Remount Root and Kernel File Systems.
         Starting udev Kernel Device Manager...
         Starting Flush Journal to Persistent Storage...
         Starting Load/Save Random Seed...
[[0;32m  OK  [0m] Started udev Kernel Device Manager.
[[0;32m  OK  [0m] Started Load/Save Random Seed.
[[0;32m  OK  [0m] Started Flush Journal to Persistent Storage.
[[0;32m  OK  [0m] Found device /dev/ttyS0.
[[0;32m  OK  [0m] Listening on Load/Save RF Kill Switch Status /dev/rfkill Watch.
         Mounting Arbitrary Executable File Formats File System...
[[0;32m  OK  [0m] Mounted Arbitrary Executable File Formats File System.
[[0;32m  OK  [0m] Started Set the console keyboard layout.
[[0;32m  OK  [0m] Started Dispatch Password Requests to Console Directory Watch.
[[0;32m  OK  [0m] Reached target Local Encrypted Volumes.
[[0;32m  OK  [0m] Reached target Local File Systems (Pre).
[[0;32m  OK  [0m] Reached target Local File Systems.
         Starting ebtables ruleset management...
         Starting Create Volatile Files and Directories...
         Starting AppArmor initialization...
         Starting Tell Plymouth To Write Out Runtime Data...
         Starting Set console font and keymap...
         Starting Commit a transient machine-id on disk...
[[0;32m  OK  [0m] Started Tell Plymouth To Write Out Runtime Data.
[[0;32m  OK  [0m] Started Create Volatile Files and Directories.
         Starting Update UTMP about System Boot/Shutdown...
[[0;32m  OK  [0m] Started Update UTMP about System Boot/Shutdown.
[[0;32m  OK  [0m] Started Commit a transient machine-id on disk.
[[0;32m  OK  [0m] Started ebtables ruleset management.
[[0;32m  OK  [0m] Started AppArmor initialization.
         Starting Load AppArmor profiles managed internally by snapd...
         Starting Initial cloud-init job (pre-networking)...
[[0;32m  OK  [0m] Started Load AppArmor profiles managed internally by snapd.
[[0;32m  OK  [0m] Started Set console font and keymap.
[   12.557327] cloud-init[805]: Cloud-init v. 23.1.2-0ubuntu0~18.04.1 running 'init-local' at Thu, 25 Sep 2025 19:56:38 +0000. Up 12.04 seconds.
[[0;32m  OK  [0m] Started Initial cloud-init job (pre-networking).
[[0;32m  OK  [0m] Reached target Network (Pre).
         Starting Network Service...
[[0;32m  OK  [0m] Started Network Service.
         Starting Network Name Resolution...
         Starting Wait for Network to be Configured...
[[0;32m  OK  [0m] Started Network Name Resolution.
[[0;32m  OK  [0m] Reached target Host and Network Name Lookups.
[[0;32m  OK  [0m] Reached target Network.
[[0;32m  OK  [0m] Started Wait for Network to be Configured.
         Starting Initial cloud-init job (metadata service crawler)...
[   15.328994] cloud-init[934]: Cloud-init v. 23.1.2-0ubuntu0~18.04.1 running 'init' at Thu, 25 Sep 2025 19:56:41 +0000. Up 15.07 seconds.
[   15.331085] cloud-init[934]: ci-info: +++++++++++++++++++++++++++++++++++++++++++Net device info++++++++++++++++++++++++++++++++++++++++++++
[   15.344898] cloud-init[934]: ci-info: +--------+------+---------------------------------------+---------------+--------+-------------------+
[   15.356713] cloud-init[934]: ci-info: | Device |  Up  |                Address                |      Mask     | Scope  |     Hw-Address    |
[   15.358078] cloud-init[934]: ci-info: +--------+------+---------------------------------------+---------------+--------+-------------------+
[   15.359427] cloud-init[934]: ci-info: | enp0s3 | True |               10.0.2.15               | 255.255.255.0 | global | 02:3b:7b:b7:3b:2d |
[   15.360630] cloud-init[934]: ci-info: | enp0s3 | True | fd17:625c:f037:2:3b:7bff:feb7:3b2d/64 |       .       | global | 02:3b:7b:b7:3b:2d |
[   15.361654] cloud-init[934]: ci-info: | enp0s3 | True |       fe80::3b:7bff:feb7:3b2d/64      |       .       |  link  | 02:3b:7b:b7:3b:2d |
[   15.362629] cloud-init[934]: ci-info: |   lo   | True |               127.0.0.1               |   255.0.0.0   |  host  |         .         |
[   15.377250] cloud-init[934]: ci-info: |   lo   | True |                ::1/128                |       .       |  host  |         .         |
[   15.388790] cloud-init[934]: ci-info: +--------+------+---------------------------------------+---------------+--------+-------------------+
[   15.389865] cloud-init[934]: ci-info: ++++++++++++++++++++++++++++Route IPv4 info+++++++++++++++++++++++++++++
[   15.391233] cloud-init[934]: ci-info: +-------+-------------+----------+-----------------+-----------+-------+
[   15.392535] cloud-init[934]: ci-info: | Route | Destination | Gateway  |     Genmask     | Interface | Flags |
[   15.393492] cloud-init[934]: ci-info: +-------+-------------+----------+-----------------+-----------+-------+
[   15.394492] cloud-init[934]: ci-info: |   0   |   0.0.0.0   | 10.0.2.2 |     0.0.0.0     |   enp0s3  |   UG  |
[   15.395540] cloud-init[934]: ci-info: |   1   |   10.0.2.0  | 0.0.0.0  |  255.255.255.0  |   enp0s3  |   U   |
[   15.396807] cloud-init[934]: ci-info: |   2   |   10.0.2.2  | 0.0.0.0  | 255.255.255.255 |   enp0s3  |   UH  |
[   15.397772] cloud-init[934]: ci-info: +-------+-------------+----------+-----------------+-----------+-------+
[   15.398812] cloud-init[934]: ci-info: ++++++++++++++++++++++++Route IPv6 info++++++++++++++++++++++++
[   15.399727] cloud-init[934]: ci-info: +-------+-----------------------+---------+-----------+-------+
[   15.400702] cloud-init[934]: ci-info: | Route |      Destination      | Gateway | Interface | Flags |
[   15.402747] cloud-init[934]: ci-info: +-------+-----------------------+---------+-----------+-------+
[   15.405181] cloud-init[934]: ci-info: |   1   | fd17:625c:f037:2::/64 |    ::   |   enp0s3  |   U   |
[   15.417093] cloud-init[934]: ci-info: |   2   |       fe80::/64       |    ::   |   enp0s3  |   U   |
[   15.428927] cloud-init[934]: ci-info: |   3   |          ::/0         | fe80::2 |   enp0s3  |   UG  |
[   15.430505] cloud-init[934]: ci-info: |   5   |         local         |    ::   |   enp0s3  |   U   |
[   15.431457] cloud-init[934]: ci-info: |   6   |        ff00::/8       |    ::   |   enp0s3  |   U   |
[   15.432353] cloud-init[934]: ci-info: +-------+-----------------------+---------+-----------+-------+
[   16.349955] cloud-init[934]: Generating public/private rsa key pair.
[   16.360560] cloud-init[934]: Your identification has been saved in /etc/ssh/ssh_host_rsa_key.
[   16.361458] cloud-init[934]: Your public key has been saved in /etc/ssh/ssh_host_rsa_key.pub.
[   16.372478] cloud-init[934]: The key fingerprint is:
[   16.384960] cloud-init[934]: SHA256:p5Lad6AFxLAwq/M8ZA08/bfnAcYvcJu5wKnBPEv1laY root@ubuntu-bionic
[   16.400666] cloud-init[934]: The key's randomart image is:
[   16.412403] cloud-init[934]: +---[RSA 2048]----+
[   16.425161] cloud-init[934]: |  o .o           |
[   16.440690] cloud-init[934]: | . = .o          |
[[0;32m  OK  [0m[   16.452442] cloud-init[934]: |  = o.           |
] [   16.452760] Started Initial cloud-init job (metadata service crawler).cloud-init
[934]: | . + ...   .     |
[[0;32m  OK  [0m[   16.465108] cloud-init[934]: |o o . +.S =      |
[   16.465284] cloud-init[934]: | * o o Oo&       |
[   16.465387] cloud-init[934]: |  + * *oE.+      |
[   16.465574] cloud-init[934]: |   o B.o.=..     |
[   16.465847] cloud-init[934]: |    + .....      |
[   16.466049] cloud-init[934]: +----[SHA256]-----+
[   16.466316] cloud-init[934]: Generating public/private dsa key pair.
[   16.466615] cloud-init[934]: Your identification has been saved in /etc/ssh/ssh_host_dsa_key.
[   16.466893] cloud-init[934]: Your public key has been saved in /etc/ssh/ssh_host_dsa_key.pub.
[   16.467154] cloud-init[934]: The key fingerprint is:
[   16.467448] cloud-init[934]: SHA256:3mr+IUya03GMgmaUcpVp0WCUqUisdQBfmQvb55ejSZ8 root@ubuntu-bionic
[   16.467681] cloud-init[934]: The key's randomart image is:
[   16.467901] cloud-init[934]: +---[DSA 1024]----+
] [   16.468146] cloud-init[934]: |.o...+*O         |
[   16.471605] cloud-init[934]: | .=.++* .        |
[   16.471812] cloud-init[934]: | +o*++           |
Reached target System Initialization.[   16.471913] cloud-init[934]: |. o++..  o       |
[   16.473259] cloud-init[934]: |    +o. S.o      |

[   16.473356] cloud-init[934]: |   o  oO++       |
[   16.473446] cloud-init[934]: |     .+==oo      |
[[0;32m  OK  [0m[   16.488460] cloud-init[934]: |      o.Eo .     |
[   16.488848] cloud-init[934]: |       oo..      |
[   16.489017] cloud-init[934]: +----[SHA256]-----+
[   16.489170] cloud-init[934]: Generating public/private ecdsa key pair.
[   16.489363] cloud-init[934]: Your identification has been saved in /etc/ssh/ssh_host_ecdsa_key.
[   16.489489] cloud-init[934]: Your public key has been saved in /etc/ssh/ssh_host_ecdsa_key.pub.
[   16.489606] cloud-init[934]: The key fingerprint is:
[   16.489725] cloud-init[934]: SHA256:h/5FP0sCglCvXtVmV0tmNQ4jG+I1Niu9oftqBzw4zXs root@ubuntu-bionic
[   16.489855] cloud-init[934]: The key's randomart image is:
[   16.489971] cloud-init[934]: +---[ECDSA 256]---+
] [   16.490135] cloud-init[934]: |      .  . B o =+|
[   16.490264] cloud-init[934]: |     . .. =.B B.o|
[   16.490375] cloud-init[934]: |    .   .o.=+ .o |
[   16.490606] cloud-init[934]: |     . o oooo.   |
[   16.490737] cloud-init[934]: |      o S.o..    |
[   16.490857] cloud-init[934]: |     . = O.o .   |
[   16.490971] cloud-init[934]: |      . o.+ o +  |
Listening on UUID daemon activation socket.[   16.491226] 
cloud-init[934]: |         +.E o o |
[[   16.505320] cloud-init[934]: |        ..=.  .  |
[   16.505571] cloud-init[934]: +----[SHA256]-----+
[   16.505695] cloud-init[934]: Generating public/private ed25519 key pair.
[   16.506102] cloud-init[934]: Your identification has been saved in /etc/ssh/ssh_host_ed25519_key.
[   16.506658] cloud-init[934]: Your public key has been saved in /etc/ssh/ssh_host_ed25519_key.pub.
[   16.507168] cloud-init[934]: The key fingerprint is:
[   16.507770] cloud-init[934]: SHA256:w9RKnBSKPGEYWw29K2VMCnLW0760fXAdEi9sdUK7N+c root@ubuntu-bionic
[   16.508144] cloud-init[934]: The key's randomart image is:
[   16.508270] cloud-init[934]: +--[ED25519 256]--+
[   16.508811] cloud-init[934]: |  .+==  o..o+ .  |
[   16.509278] cloud-init[934]: |. ==oo=+ +.o.+   |
[   16.509821] cloud-init[934]: | +..+*..= =oo.   |
[   16.510323] cloud-init[934]: |    ..B+.o....   |
[   16.510851] cloud-init[934]: |     + =So  . o .|
[   16.511437] cloud-init[934]: |    . + ...  . + |
[   16.511761] cloud-init[934]: |     .   .      E|
[0;32m  OK  [0m[   16.512295] cloud-init[934]: |                 |
] Listening on D-Bus System Message Bus Socket.
[   16.512767] cloud-init[934]: |                 |
[[0;32m  OK  [0m[   16.524587] cloud-init[934]: +----[SHA256]-----+
] Listening on ACPID Listen Socket.
[[0;32m  OK  [0m] Started Message of the Day.
[[0;32m  OK  [0m] Listening on Open-iSCSI iscsid Socket.
[[0;32m  OK  [0m] Started Discard unused blocks once a week.
[[0;32m  OK  [0m] Started Daily apt download activities.
[[0;32m  OK  [0m] Started Daily apt upgrade and clean activities.
         Starting LXD - unix socket.
[[0;32m  OK  [0m] Started ACPI Events Check.
[[0;32m  OK  [0m] Reached target Paths.
[[0;32m  OK  [0m] Listening on cloud-init hotplug hook socket.
[[0;32m  OK  [0m] Started Ubuntu Advantage Timer for running repeated jobs.
         Starting Socket activation for snappy daemon.
[[0;32m  OK  [0m] Started Daily Cleanup of Temporary Directories.
[[0;32m  OK  [0m] Reached target Timers.
[[0;32m  OK  [0m] Reached target Network is Online.
[[0;32m  OK  [0m] Reached target Remote File Systems (Pre).
[[0;32m  OK  [0m] Reached target Remote File Systems.
         Starting Availability of block devices...
[[0;32m  OK  [0m] Reached target Cloud-config availability.
[[0;32m  OK  [0m] Listening on LXD - unix socket.
[[0;32m  OK  [0m] Listening on Socket activation for snappy daemon.
[[0;32m  OK  [0m] Started Availability of block devices.
[[0;32m  OK  [0m] Reached target Sockets.
[[0;32m  OK  [0m] Reached target Basic System.
[[0;32m  OK  [0m] Started irqbalance daemon.
         Starting Dispatcher daemon for systemd-networkd...
         Starting LSB: Record successful boot for GRUB...
         Starting Pollinate to seed the pseudo random number generator...
[[0;32m  OK  [0m] Started Regular background program processing daemon.
[[0;32m  OK  [0m] Started Deferred execution scheduler.
         Starting Accounts Service...
         Starting System Logging Service...
         Starting LSB: automatic crash report generation...
[[0;32m  OK  [0m] Reached target Login Prompts (Pre).
         Starting Login Service...
         Starting Permit User Sessions...
         Starting Virtualbox guest utils...
         Starting Snap Daemon...
[[0;32m  OK  [0m] Started D-Bus System Message Bus.
[[0;32m  OK  [0m] Started Login Service.
[[0;32m  OK  [0m] Started Unattended Upgrades Shutdown.
[[0;32m  OK  [0m] Started FUSE filesystem for LXC.
         Starting LXD - container startup/shutdown...
[[0;32m  OK  [0m] Started System Logging Service.
[[0;32m  OK  [0m] Started Permit User Sessions.
         Starting Terminate Plymouth Boot Screen...
         Starting Hold until boot process finishes up...
[[0;32m  OK  [0m] Started Terminate Plymouth Boot Screen.
[[0;32m  OK  [0m] Started Hold until boot process finishes up.
         Starting Set console scheme...
[[0;32m  OK  [0m] Started Serial Getty on ttyS0.
[[0;32m  OK  [0m] Started LSB: automatic crash report generation.
[[0;32m  OK  [0m] Started Set console scheme.
[[0;32m  OK  [0m] Started LSB: Record successful boot for GRUB.
[[0;32m  OK  [0m] Created slice system-getty.slice.
[[0;32m  OK  [0m] Started Getty on tty1.
[[0;32m  OK  [0m] Reached target Login Prompts.
         Starting Authorization Manager...
[[0;32m  OK  [0m] Started Authorization Manager.
[[0;32m  OK  [0m] Started Accounts Service.
[[0;32m  OK  [0m] Started Virtualbox guest utils.
[[0;32m  OK  [0m] Started Dispatcher daemon for systemd-networkd.
[[0;32m  OK  [0m] Started LXD - container startup/shutdown.
[[0;32m  OK  [0m] Started Snap Daemon.
         Starting Wait until snapd is fully seeded...
         Starting Time & Date Service...
[[0;32m  OK  [0m] Started Time & Date Service.
[[0;32m  OK  [0m] Started Pollinate to seed the pseudo random number generator.
         Starting OpenBSD Secure Shell server...
[[0;32m  OK  [0m] Started OpenBSD Secure Shell server.
[[0;32m  OK  [0m] Created slice User Slice of vagrant.
         Starting User Manager for UID 1000...
[[0;32m  OK  [0m] Started Session 1 of user vagrant.
[[0;32m  OK  [0m] Started User Manager for UID 1000.
[[0;32m  OK  [0m] Started Wait until snapd is fully seeded.
         Starting Apply the settings specified in cloud-config...
[   23.267416] cloud-init[1439]: Cloud-init v. 23.1.2-0ubuntu0~18.04.1 running 'modules:config' at Thu, 25 Sep 2025 19:56:48 +0000. Up 21.68 seconds.

Ubuntu 18.04.6 LTS ubuntu-bionic ttyS0

ubuntu-bionic login: ci-info: no authorized SSH keys fingerprints found for user ubuntu.
<14>Sep 25 19:56:51 cloud-init: #############################################################
<14>Sep 25 19:56:51 cloud-init: -----BEGIN SSH HOST KEY FINGERPRINTS-----
<14>Sep 25 19:56:51 cloud-init: 1024 SHA256:3mr+IUya03GMgmaUcpVp0WCUqUisdQBfmQvb55ejSZ8 root@ubuntu-bionic (DSA)
<14>Sep 25 19:56:51 cloud-init: 256 SHA256:h/5FP0sCglCvXtVmV0tmNQ4jG+I1Niu9oftqBzw4zXs root@ubuntu-bionic (ECDSA)
<14>Sep 25 19:56:51 cloud-init: 256 SHA256:w9RKnBSKPGEYWw29K2VMCnLW0760fXAdEi9sdUK7N+c root@ubuntu-bionic (ED25519)
<14>Sep 25 19:56:51 cloud-init: 2048 SHA256:p5Lad6AFxLAwq/M8ZA08/bfnAcYvcJu5wKnBPEv1laY root@ubuntu-bionic (RSA)
<14>Sep 25 19:56:51 cloud-init: -----END SSH HOST KEY FINGERPRINTS-----
<14>Sep 25 19:56:51 cloud-init: #############################################################
-----BEGIN SSH HOST KEY KEYS-----
ecdsa-sha2-nistp256 AAAAE2VjZHNhLXNoYTItbmlzdHAyNTYAAAAIbmlzdHAyNTYAAABBBGF2MqdsiZ7dBUyym+tQFFGrtb3ETUm+VTkSHAyEGpxZUb6yMmPs6MzhhKt2FRdDIIEy3PoFqBFbqtghcFtaYHI= root@ubuntu-bionic
ssh-ed25519 AAAAC3NzaC1lZDI1NTE5AAAAIN7u9daBD1o8Hsxy15j5A+6sr8OxUPRcX8qRsE8q1RQT root@ubuntu-bionic
ssh-rsa AAAAB3NzaC1yc2EAAAADAQABAAABAQDOQQPXI5Wsy+xBpZbfF4p10h6jO+mz39OiFwJzgfUTdiBDNZS1Iviq1WQCH3v8ZW3/KMKS+qCwzq1TyqtC0NfREQTbbGaV5bIbs5Zy1kpzdlivUyXAT5103Vsji1xSeKhL+Vv6AktvqiwagNbX6zEOGpQw71ncY66gUuyf/O5/0aGS+0I7tUAb3penjqccrg8GpHqteWyeQ1BEro8dtyMWcbu7CCi7ZTlpHd9bF8EWdyVbi7CHuYzaeIvfsl840eKOzBFNE8IjdCr4mcTmtPbbgfMo3tbkoetdFuQHzVBE+TbqinWtUO7nSEwN6cyQ0e/v11zjy02RUJHpv9y7cRnZ root@ubuntu-bionic
-----END SSH HOST KEY KEYS-----
[   24.771019] cloud-init[1572]: Cloud-init v. 23.1.2-0ubuntu0~18.04.1 running 'modules:final' at Thu, 25 Sep 2025 19:56:50 +0000. Up 24.44 seconds.
[   24.773305] cloud-init[1572]: Cloud-init v. 23.1.2-0ubuntu0~18.04.1 finished at Thu, 25 Sep 2025 19:56:51 +0000. Datasource DataSourceNoCloud [seed=/dev/sdb][dsmode=net].  Up 24.75 seconds
