[    0.000000] Linux version 4.15.0-213-generic (buildd@lcy02-amd64-079) (gcc version 7.5.0 (Ubuntu 7.5.0-3ubuntu1~18.04)) #224-Ubuntu SMP Mon Jun 19 13:30:12 UTC 2023 (Ubuntu 4.15.0-213.224-generic 4.15.18)
[    0.000000] Command line: BOOT_IMAGE=/boot/vmlinuz-4.15.0-213-generic root=UUID=f685bb41-0e3b-40c4-89c1-eea0f0583525 ro console=tty1 console=ttyS0
[    0.000000] KERNEL supported cpus:
[    0.000000]   Intel GenuineIntel
[    0.000000]   AMD AuthenticAMD
[    0.000000]   Centaur CentaurHauls
[    0.000000] x86/fpu: x87 FPU will use FXSAVE
[    0.000000] e820: BIOS-provided physical RAM map:
[    0.000000] BIOS-e820: [mem 0x0000000000000000-0x000000000009fbff] usable
[    0.000000] BIOS-e820: [mem 0x000000000009fc00-0x000000000009ffff] reserved
[    0.000000] BIOS-e820: [mem 0x00000000000f0000-0x00000000000fffff] reserved
[    0.000000] BIOS-e820: [mem 0x0000000000100000-0x000000003ffeffff] usable
[    0.000000] BIOS-e820: [mem 0x000000003fff0000-0x000000003fffffff] ACPI data
[    0.000000] BIOS-e820: [mem 0x00000000fec00000-0x00000000fec00fff] reserved
[    0.000000] BIOS-e820: [mem 0x00000000fee00000-0x00000000fee00fff] reserved
[    0.000000] BIOS-e820: [mem 0x00000000fffc0000-0x00000000ffffffff] reserved
[    0.000000] NX (Execute Disable) protection: active
[    0.000000] SMBIOS 2.5 present.
[    0.000000] DMI: innotek GmbH VirtualBox/VirtualBox, BIOS VirtualBox 12/01/2006
[    0.000000] Hypervisor detected: KVM
[    0.000000] e820: last_pfn = 0x3fff0 max_arch_pfn = 0x400000000
[    0.000000] x86/PAT: Configuration [0-7]: WB  WC  UC- UC  WB  WP  UC- WT  
[    0.000000] found SMP MP-table at [mem 0x0009fbf0-0x0009fbff]
[    0.000000] Scanning 1 areas for low memory corruption
[    0.000000] RAMDISK: [mem 0x35819000-0x36c03fff]
[    0.000000] ACPI: Early table checksum verification disabled
[    0.000000] ACPI: RSDP 0x00000000000E0000 000024 (v02 VBOX  )
[    0.000000] ACPI: XSDT 0x000000003FFF0030 00003C (v01 VBOX   VBOXXSDT 00000001 ASL  00000061)
[    0.000000] ACPI: FACP 0x000000003FFF00F0 0000F4 (v04 VBOX   VBOXFACP 00000001 ASL  00000061)
[    0.000000] ACPI: DSDT 0x000000003FFF02F0 002353 (v02 VBOX   VBOXBIOS 00000002 VBOX 000299F4)
[    0.000000] ACPI: FACS 0x000000003FFF0200 000040
[    0.000000] ACPI: FACS 0x000000003FFF0200 000040
[    0.000000] ACPI: APIC 0x000000003FFF0240 00005C (v02 VBOX   VBOXAPIC 00000001 ASL  00000061)
[    0.000000] ACPI: SSDT 0x000000003FFF02A0 000045 (v01 VBOX   VBOXCPUT 00000002 VBOX 000299F4)
[    0.000000] ACPI: Reserving FACP table memory at [mem 0x3fff00f0-0x3fff01e3]
[    0.000000] ACPI: Reserving DSDT table memory at [mem 0x3fff02f0-0x3fff2642]
[    0.000000] ACPI: Reserving FACS table memory at [mem 0x3fff0200-0x3fff023f]
[    0.000000] ACPI: Reserving FACS table memory at [mem 0x3fff0200-0x3fff023f]
[    0.000000] ACPI: Reserving APIC table memory at [mem 0x3fff0240-0x3fff029b]
[    0.000000] ACPI: Reserving SSDT table memory at [mem 0x3fff02a0-0x3fff02e4]
[    0.000000] No NUMA configuration found
[    0.000000] Faking a node at [mem 0x0000000000000000-0x000000003ffeffff]
[    0.000000] NODE_DATA(0) allocated [mem 0x3ffc5000-0x3ffeffff]
[    0.000000] kvm-clock: cpu 0, msr 0:3ff44001, primary cpu clock
[    0.000000] kvm-clock: Using msrs 4b564d01 and 4b564d00
[    0.000000] kvm-clock: using sched offset of 6862084055 cycles
[    0.000000] clocksource: kvm-clock: mask: 0xffffffffffffffff max_cycles: 0x1cd42e4dffb, max_idle_ns: 881590591483 ns
[    0.000000] Zone ranges:
[    0.000000]   DMA      [mem 0x0000000000001000-0x0000000000ffffff]
[    0.000000]   DMA32    [mem 0x0000000001000000-0x000000003ffeffff]
[    0.000000]   Normal   empty
[    0.000000]   Device   empty
[    0.000000] Movable zone start for each node
[    0.000000] Early memory node ranges
[    0.000000]   node   0: [mem 0x0000000000001000-0x000000000009efff]
[    0.000000]   node   0: [mem 0x0000000000100000-0x000000003ffeffff]
[    0.000000] Reserved but unavailable: 104 pages
[    0.000000] Initmem setup node 0 [mem 0x0000000000001000-0x000000003ffeffff]
[    0.000000] ACPI: PM-Timer IO Port: 0x4008
[    0.000000] IOAPIC[0]: apic_id 2, version 32, address 0xfec00000, GSI 0-23
[    0.000000] ACPI: INT_SRC_OVR (bus 0 bus_irq 0 global_irq 2 dfl dfl)
[    0.000000] ACPI: INT_SRC_OVR (bus 0 bus_irq 9 global_irq 9 low level)
[    0.000000] Using ACPI (MADT) for SMP configuration information
[    0.000000] smpboot: Allowing 2 CPUs, 0 hotplug CPUs
[    0.000000] PM: Registered nosave memory: [mem 0x00000000-0x00000fff]
[    0.000000] PM: Registered nosave memory: [mem 0x0009f000-0x0009ffff]
[    0.000000] PM: Registered nosave memory: [mem 0x000a0000-0x000effff]
[    0.000000] PM: Registered nosave memory: [mem 0x000f0000-0x000fffff]
[    0.000000] e820: [mem 0x40000000-0xfebfffff] available for PCI devices
[    0.000000] Booting paravirtualized kernel on KVM
[    0.000000] clocksource: refined-jiffies: mask: 0xffffffff max_cycles: 0xffffffff, max_idle_ns: 7645519600211568 ns
[    0.000000] setup_percpu: NR_CPUS:8192 nr_cpumask_bits:2 nr_cpu_ids:2 nr_node_ids:1
[    0.000000] percpu: Embedded 50 pages/cpu s167936 r8192 d28672 u1048576
[    0.000000] PV qspinlock hash table entries: 256 (order: 0, 4096 bytes)
[    0.000000] Built 1 zonelists, mobility grouping on.  Total pages: 257913
[    0.000000] Policy zone: DMA32
[    0.000000] Kernel command line: BOOT_IMAGE=/boot/vmlinuz-4.15.0-213-generic root=UUID=f685bb41-0e3b-40c4-89c1-eea0f0583525 ro console=tty1 console=ttyS0
[    0.000000] Memory: 981776K/1048120K available (12300K kernel code, 2477K rwdata, 4324K rodata, 2480K init, 2720K bss, 66344K reserved, 0K cma-reserved)
[    0.000000] SLUB: HWalign=64, Order=0-3, MinObjects=0, CPUs=2, Nodes=1
[    0.000000] Kernel/User page tables isolation: enabled
[    0.000000] ftrace: allocating 39508 entries in 155 pages
[    0.004000] Hierarchical RCU implementation.
[    0.004000] 	RCU restricting CPUs from NR_CPUS=8192 to nr_cpu_ids=2.
[    0.004000] 	Tasks RCU enabled.
[    0.004000] RCU: Adjusting geometry for rcu_fanout_leaf=16, nr_cpu_ids=2
[    0.004000] NR_IRQS: 524544, nr_irqs: 440, preallocated irqs: 16
[    0.004000] Console: colour VGA+ 80x25
[    0.004000] console [tty1] enabled
[    0.004000] console [ttyS0] enabled
[    0.004000] ACPI: Core revision 20170831
[    0.004000] ACPI: 2 ACPI AML tables successfully acquired and loaded
[    0.004000] APIC: Switch to symmetric I/O mode setup
[    0.004000] x2apic enabled
[    0.004000] Switched APIC routing to physical x2apic.
[    0.004000] ..TIMER: vector=0x30 apic1=0 pin1=2 apic2=-1 pin2=-1
[    0.004008] tsc: Detected 2664.776 MHz processor
[    0.005234] Calibrating delay loop (skipped) preset value.. 5329.55 BogoMIPS (lpj=10659104)
[    0.008007] pid_max: default: 32768 minimum: 301
[    0.009292] Security Framework initialized
[    0.012004] Yama: becoming mindful.
[    0.012963] AppArmor: AppArmor initialized
[    0.016013] Dentry cache hash table entries: 131072 (order: 8, 1048576 bytes)
[    0.020121] Inode-cache hash table entries: 65536 (order: 7, 524288 bytes)
[    0.021912] Mount-cache hash table entries: 2048 (order: 2, 16384 bytes)
[    0.024010] Mountpoint-cache hash table entries: 2048 (order: 2, 16384 bytes)
[    0.026151] Last level iTLB entries: 4KB 512, 2MB 7, 4MB 7
[    0.027573] Last level dTLB entries: 4KB 512, 2MB 32, 4MB 32, 1GB 0
[    0.028006] Spectre V1 : Mitigation: usercopy/swapgs barriers and __user pointer sanitization
[    0.030189] Spectre V2 : Mitigation: Retpolines
[    0.032006] Spectre V2 : Spectre v2 / SpectreRSB mitigation: Filling RSB on context switch
[    0.034132] Spectre V2 : Spectre v2 / SpectreRSB : Filling RSB on VMEXIT
[    0.036004] Speculative Store Bypass: Vulnerable
[    0.037318] MDS: Vulnerable: Clear CPU buffers attempted, no microcode
[    0.039093] MMIO Stale Data: Unknown: No mitigations
[    0.040190] Freeing SMP alternatives memory: 36K
[    0.152281] smpboot: CPU0: Intel(R) Core(TM) i7 CPU         920  @ 2.67GHz (family: 0x6, model: 0x1a, stepping: 0x4)
[    0.156143] Performance Events: unsupported p6 CPU model 26 no PMU driver, software events only.
[    0.158526] Hierarchical SRCU implementation.
[    0.160628] NMI watchdog: Perf event create on CPU 0 failed with -2
[    0.162202] NMI watchdog: Perf NMI watchdog permanently disabled
[    0.164080] smp: Bringing up secondary CPUs ...
[    0.165499] x86: Booting SMP configuration:
[    0.166705] .... node  #0, CPUs:      #1
[    0.004000] kvm-clock: cpu 1, msr 0:3ff44041, secondary cpu clock
[    0.172008] smp: Brought up 1 node, 2 CPUs
[    0.173095] smpboot: Max logical packages: 1
[    0.174192] smpboot: Total of 2 processors activated (10659.10 BogoMIPS)
[    0.176349] devtmpfs: initialized
[    0.176975] x86/mm: Memory block size: 128MB
[    0.178367] evm: security.selinux
[    0.179263] evm: security.SMACK64
[    0.180005] evm: security.SMACK64EXEC
[    0.180978] evm: security.SMACK64TRANSMUTE
[    0.182120] evm: security.SMACK64MMAP
[    0.184010] evm: security.apparmor
[    0.185422] evm: security.ima
[    0.186269] evm: security.capability
[    0.188217] clocksource: jiffies: mask: 0xffffffff max_cycles: 0xffffffff, max_idle_ns: 7645041785100000 ns
[    0.191917] futex hash table entries: 512 (order: 3, 32768 bytes)
[    0.192087] pinctrl core: initialized pinctrl subsystem
[    0.196205] RTC time: 16:21:33, date: 09/28/25
[    0.197739] NET: Registered protocol family 16
[    0.200118] audit: initializing netlink subsys (disabled)
[    0.201865] audit: type=2000 audit(1759076501.527:1): state=initialized audit_enabled=0 res=1
[    0.204019] cpuidle: using governor ladder
[    0.205120] cpuidle: using governor menu
[    0.206238] ACPI: bus type PCI registered
[    0.207367] acpiphp: ACPI Hot Plug PCI Controller Driver version: 0.5
[    0.208154] PCI: Using configuration type 1 for base access
[    0.212071] HugeTLB registered 2.00 MiB page size, pre-allocated 0 pages
[    0.213863] ACPI: Added _OSI(Module Device)
[    0.213863] ACPI: Added _OSI(Processor Device)
[    0.216008] ACPI: Added _OSI(3.0 _SCP Extensions)
[    0.217261] ACPI: Added _OSI(Processor Aggregator Device)
[    0.220007] ACPI: Added _OSI(Linux-Dell-Video)
[    0.221150] ACPI: Added _OSI(Linux-Lenovo-NV-HDMI-Audio)
[    0.222490] ACPI: Added _OSI(Linux-HPI-Hybrid-Graphics)
[    0.224415] ACPI: Executed 1 blocks of module-level executable AML code
[    0.231716] ACPI: Interpreter enabled
[    0.232024] ACPI: (supports S0 S5)
[    0.232934] ACPI: Using IOAPIC for interrupt routing
[    0.234541] PCI: Using host bridge windows from ACPI; if necessary, use "pci=nocrs" and report a bug
[    0.236230] ACPI: Enabled 2 GPEs in block 00 to 07
[    0.243890] ACPI: PCI Root Bridge [PCI0] (domain 0000 [bus 00-ff])
[    0.248029] acpi PNP0A03:00: _OSC: OS supports [ASPM ClockPM Segments MSI]
[    0.252720] acpi PNP0A03:00: _OSC: not requesting OS control; OS requires [ExtendedConfig ASPM ClockPM MSI]
[    0.255191] acpi PNP0A03:00: fail to add MMCONFIG information, can't access extended PCI configuration space under this bridge.
[    0.256636] PCI host bridge to bus 0000:00
[    0.260006] pci_bus 0000:00: root bus resource [io  0x0000-0x0cf7 window]
[    0.261724] pci_bus 0000:00: root bus resource [io  0x0d00-0xffff window]
[    0.263425] pci_bus 0000:00: root bus resource [mem 0x000a0000-0x000bffff window]
[    0.264014] pci_bus 0000:00: root bus resource [mem 0x40000000-0xfdffffff window]
[    0.268010] pci_bus 0000:00: root bus resource [bus 00-ff]
[    0.270838] pci 0000:00:01.1: legacy IDE quirk: reg 0x10: [io  0x01f0-0x01f7]
[    0.270838] pci 0000:00:01.1: legacy IDE quirk: reg 0x14: [io  0x03f6]
[    0.276005] pci 0000:00:01.1: legacy IDE quirk: reg 0x18: [io  0x0170-0x0177]
[    0.277854] pci 0000:00:01.1: legacy IDE quirk: reg 0x1c: [io  0x0376]
[    0.301321] pci 0000:00:07.0: quirk: [io  0x4000-0x403f] claimed by PIIX4 ACPI
[    0.303305] pci 0000:00:07.0: quirk: [io  0x4100-0x410f] claimed by PIIX4 SMB
[    0.312909] ACPI: PCI Interrupt Link [LNKA] (IRQs 5 9 10 *11)
[    0.314968] ACPI: PCI Interrupt Link [LNKB] (IRQs 5 9 *10 11)
[    0.316416] ACPI: PCI Interrupt Link [LNKC] (IRQs 5 *9 10 11)
[    0.320251] ACPI: PCI Interrupt Link [LNKD] (IRQs 5 9 10 *11)
[    0.322521] SCSI subsystem initialized
[    0.324117] pci 0000:00:02.0: vgaarb: setting as boot VGA device
[    0.325625] pci 0000:00:02.0: vgaarb: VGA device added: decodes=io+mem,owns=io+mem,locks=none
[    0.327782] pci 0000:00:02.0: vgaarb: bridge control possible
[    0.328013] vgaarb: loaded
[    0.328809] ACPI: bus type USB registered
[    0.329907] usbcore: registered new interface driver usbfs
[    0.332019] usbcore: registered new interface driver hub
[    0.333416] usbcore: registered new device driver usb
[    0.336113] EDAC MC: Ver: 3.0.0
[    0.337230] PCI: Using ACPI for IRQ routing
[    0.337497] NetLabel: Initializing
[    0.340004] NetLabel:  domain hash size = 128
[    0.341128] NetLabel:  protocols = UNLABELED CIPSOv4 CALIPSO
[    0.342584] NetLabel:  unlabeled traffic allowed by default
[    0.344124] clocksource: Switched to clocksource kvm-clock
[    0.368970] VFS: Disk quotas dquot_6.6.0
[    0.370103] VFS: Dquot-cache hash table entries: 512 (order 0, 4096 bytes)
[    0.371970] AppArmor: AppArmor Filesystem Enabled
[    0.373232] pnp: PnP ACPI init
[    0.375595] pnp: PnP ACPI: found 3 devices
[    0.383470] clocksource: acpi_pm: mask: 0xffffff max_cycles: 0xffffff, max_idle_ns: 2085701024 ns
[    0.387260] NET: Registered protocol family 2
[    0.388619] IP idents hash table entries: 16384 (order: 5, 131072 bytes)
[    0.392733] TCP established hash table entries: 8192 (order: 4, 65536 bytes)
[    0.394524] TCP bind hash table entries: 8192 (order: 5, 131072 bytes)
[    0.396185] TCP: Hash tables configured (established 8192 bind 8192)
[    0.397910] UDP hash table entries: 512 (order: 2, 16384 bytes)
[    0.400291] UDP-Lite hash table entries: 512 (order: 2, 16384 bytes)
[    0.402026] NET: Registered protocol family 1
[    0.403215] pci 0000:00:00.0: Limiting direct PCI/PCI transfers
[    0.404926] pci 0000:00:01.0: Activating ISA DMA hang workarounds
[    0.406605] pci 0000:00:02.0: Video device with shadowed ROM at [mem 0x000c0000-0x000dffff]
[    0.408924] Unpacking initramfs...
[    0.824183] Freeing initrd memory: 20396K
[    0.825519] clocksource: tsc: mask: 0xffffffffffffffff max_cycles: 0x26694374168, max_idle_ns: 440795230474 ns
[    0.828186] platform rtc_cmos: registered platform RTC device (no PNP device found)
[    0.830220] Scanning for low memory corruption every 60 seconds
[    0.833252] Initialise system trusted keyrings
[    0.834488] Key type blacklist registered
[    0.835700] workingset: timestamp_bits=36 max_order=18 bucket_order=0
[    0.839099] zbud: loaded
[    0.840562] squashfs: version 4.0 (2009/01/31) Phillip Lougher
[    0.842274] fuse init (API version 7.26)
[    0.846269] Key type asymmetric registered
[    0.847367] Asymmetric key parser 'x509' registered
[    0.849282] Block layer SCSI generic (bsg) driver version 0.4 loaded (major 246)
[    0.852659] io scheduler noop registered
[    0.853840] io scheduler deadline registered
[    0.855027] io scheduler cfq registered (default)
[    0.856723] ACPI: AC Adapter [AC] (on-line)
[    0.858140] input: Power Button as /devices/LNXSYSTM:00/LNXPWRBN:00/input/input0
[    0.860237] ACPI: Power Button [PWRF]
[    0.861341] input: Sleep Button as /devices/LNXSYSTM:00/LNXSLPBN:00/input/input1
[    0.863356] ACPI: Sleep Button [SLPF]
[    0.864782] Serial: 8250/16550 driver, 32 ports, IRQ sharing enabled
[    0.887191] 00:02: ttyS0 at I/O 0x3f8 (irq = 4, base_baud = 115200) is a 16550A
[    0.891487] Linux agpgart interface v0.103
[    0.894225] loop: module loaded
[    0.895782] scsi host0: ata_piix
[    0.896903] scsi host1: ata_piix
[    0.897813] ata1: PATA max UDMA/33 cmd 0x1f0 ctl 0x3f6 bmdma 0xd000 irq 14
[    0.899838] ata2: PATA max UDMA/33 cmd 0x170 ctl 0x376 bmdma 0xd008 irq 15
[    0.902285] tun: Universal TUN/TAP device driver, 1.6
[    0.904402] PPP generic driver version 2.4.2
[    0.905875] ehci_hcd: USB 2.0 'Enhanced' Host Controller (EHCI) Driver
[    0.929082] ehci-pci: EHCI PCI platform driver
[    0.930343] ehci-platform: EHCI generic platform driver
[    0.932023] ohci_hcd: USB 1.1 'Open' Host Controller (OHCI) Driver
[    0.933662] ohci-pci: OHCI PCI platform driver
[    0.934904] ohci-platform: OHCI generic platform driver
[    0.936259] uhci_hcd: USB Universal Host Controller Interface driver
[    0.938254] i8042: PNP: PS/2 Controller [PNP0303:PS2K,PNP0f03:PS2M] at 0x60,0x64 irq 1,12
[    0.941161] serio: i8042 KBD port at 0x60,0x64 irq 1
[    0.942480] serio: i8042 AUX port at 0x60,0x64 irq 12
[    0.943902] mousedev: PS/2 mouse device common for all mice
[    0.945748] input: AT Translated Set 2 keyboard as /devices/platform/i8042/serio0/input/input2
[    0.948417] rtc_cmos rtc_cmos: rtc core: registered rtc_cmos as rtc0
[    0.950151] rtc_cmos rtc_cmos: alarms up to one day, 114 bytes nvram
[    0.952566] i2c /dev entries driver
[    0.954102] device-mapper: uevent: version 1.0.3
[    0.955460] device-mapper: ioctl: 4.37.0-ioctl (2017-09-20) initialised: dm-devel@redhat.com
[    0.957783] ledtrig-cpu: registered to indicate activity on CPUs
[    0.959940] NET: Registered protocol family 10
[    0.966978] Segment Routing with IPv6
[    0.968096] NET: Registered protocol family 17
[    0.969616] Key type dns_resolver registered
[    0.970973] mce: Using 0 MCE banks
[    0.971920] RAS: Correctable Errors collector initialized.
[    0.973365] sched_clock: Marking stable (973316024, 0)->(1212510771, -239194747)
[    0.975597] registered taskstats version 1
[    0.976737] Loading compiled-in X.509 certificates
[    0.981413] Loaded X.509 cert 'Build time autogenerated kernel key: cdc7189136aaa35407544516090e2034d9c28e14'
[    0.985858] Loaded X.509 cert 'Canonical Ltd. Live Patch Signing: 14df34d1a87cf37625abec039ef2bf521249b969'
[    0.989936] Loaded X.509 cert 'Canonical Ltd. Kernel Module Signing: 88f752e560a1e0737e31163a466ad7b70a850c19'
[    0.992489] blacklist: Loading compiled-in revocation X.509 certificates
[    0.994256] Loaded X.509 cert 'Canonical Ltd. Secure Boot Signing: 61482aa2830d0ab2ad5af10b7250da9033ddcef0'
[    0.996729] Loaded X.509 cert 'Canonical Ltd. Secure Boot Signing (2017): 242ade75ac4a15e50d50c84b0d45ff3eae707a03'
[    0.999436] Loaded X.509 cert 'Canonical Ltd. Secure Boot Signing (ESM 2018): 365188c1d374d6b07c3c8f240f8ef722433d6a8b'
[    1.002191] Loaded X.509 cert 'Canonical Ltd. Secure Boot Signing (2019): c0746fd6c5da3ae827864651ad66ae47fe24b3e8'
[    1.004809] Loaded X.509 cert 'Canonical Ltd. Secure Boot Signing (2021 v1): a8d54bbb3825cfb94fa13c9f8a594a195c107b8d'
[    1.007488] Loaded X.509 cert 'Canonical Ltd. Secure Boot Signing (2021 v2): 4cf046892d6fd3c9a5b03f98d845f90851dc6a8c'
[    1.010313] Loaded X.509 cert 'Canonical Ltd. Secure Boot Signing (2021 v3): 100437bb6de6e469b581e61cd66bce3ef4ed53af'
[    1.013097] Loaded X.509 cert 'Canonical Ltd. Secure Boot Signing (Ubuntu Core 2019): c1d57b8f6b743f23ee41f4f7ee292f06eecadfb9'
[    1.016501] zswap: loaded using pool lzo/zbud
[    1.023850] Key type big_key registered
[    1.025046] Key type trusted registered
[    1.028562] Key type encrypted registered
[    1.029674] AppArmor: AppArmor sha1 policy hashing enabled
[    1.031067] ima: No TPM chip found, activating TPM-bypass! (rc=-19)
[    1.033575] ima: Allocated hash algorithm: sha1
[    1.034796] evm: HMAC attrs: 0x1
[    1.036137]   Magic number: 9:643:389
[    1.037233] rtc_cmos rtc_cmos: setting system clock to 2025-09-28 16:21:34 UTC (1759076494)
[    1.039527] BIOS EDD facility v0.16 2004-Jun-25, 0 devices found
[    1.041066] EDD information not available.
[    1.087105] Freeing unused kernel image memory: 2480K
[    1.100919] Write protecting the kernel read-only data: 20480k
[    1.103212] Freeing unused kernel image memory: 2008K
[    1.105097] Freeing unused kernel image memory: 1820K
[    1.116562] x86/mm: Checked W+X mappings: passed, no W+X pages found.
[    1.119037] x86/mm: Checking user space page tables
[    1.144341] x86/mm: Checked W+X mappings: passed, no W+X pages found.
Loading, please wait...
starting version 237
[    1.259170] Fusion MPT base driver 3.04.20
[    1.260362] Copyright (c) 1999-2008 LSI Corporation
[    1.287377] e1000: Intel(R) PRO/1000 Network Driver - version 7.3.21-k8-NAPI
[    1.289352] e1000: Copyright (c) 1999-2006 Intel Corporation.
[    1.312482] Fusion MPT SPI Host driver 3.04.20
[    1.516751] input: ImExPS/2 Generic Explorer Mouse as /devices/platform/i8042/serio1/input/input4
[    1.903991] e1000 0000:00:03.0 eth0: (PCI:33MHz:32-bit) 02:3b:7b:b7:3b:2d
[    1.905830] e1000 0000:00:03.0 eth0: Intel(R) PRO/1000 Network Connection
[    1.909251] mptbase: ioc0: Initiating bringup
[    1.910095] e1000 0000:00:03.0 enp0s3: renamed from eth0
[    2.840755] ioc0: LSI53C1030 A0: Capabilities={Initiator}
[    7.901473] scsi host2: ioc0: LSI53C1030 A0, FwRev=00000000h, Ports=1, MaxQ=256, IRQ=20
[   10.829939] scsi 2:0:0:0: Direct-Access     VBOX     HARDDISK         1.0  PQ: 0 ANSI: 5
[   11.584964] scsi target2:0:0: Beginning Domain Validation
[   11.587744] scsi target2:0:0: Domain Validation skipping write tests
[   11.589438] scsi target2:0:0: Ending Domain Validation
[   11.591009] scsi target2:0:0: asynchronous
[   11.592551] scsi 2:0:1:0: Direct-Access     VBOX     HARDDISK         1.0  PQ: 0 ANSI: 5
[   11.903419] scsi target2:0:1: Beginning Domain Validation
[   11.907662] scsi target2:0:1: Domain Validation skipping write tests
[   11.911418] scsi target2:0:1: Ending Domain Validation
[   11.913876] scsi target2:0:1: asynchronous
[   11.926713] sd 2:0:0:0: [sda] 83886080 512-byte logical blocks: (42.9 GB/40.0 GiB)
[   11.932015] sd 2:0:0:0: [sda] Write Protect is off
[   11.934617] sd 2:0:0:0: Attached scsi generic sg0 type 0
[   11.937033] sd 2:0:0:0: [sda] Write cache: enabled, read cache: enabled, supports DPO and FUA
[   11.942755] sd 2:0:1:0: [sdb] 20480 512-byte logical blocks: (10.5 MB/10.0 MiB)
[   11.947110] sd 2:0:1:0: Attached scsi generic sg1 type 0
[   11.949814] sd 2:0:1:0: [sdb] Write Protect is off
[   11.953370] sd 2:0:1:0: [sdb] Write cache: enabled, read cache: enabled, supports DPO and FUA
[   11.957262]  sda: sda1
[   11.959806] sd 2:0:0:0: [sda] Attached SCSI disk
[   11.962374] sd 2:0:1:0: [sdb] Attached SCSI disk
Begin: Loading essential drivers ... [   13.544400] raid6: sse2x1   gen()  6402 MB/s
[   13.592276] raid6: sse2x1   xor()  5018 MB/s
[   13.640255] raid6: sse2x2   gen()  7821 MB/s
[   13.688034] raid6: sse2x2   xor()  5800 MB/s
[   13.736819] raid6: sse2x4   gen()  8665 MB/s
[   13.784737] raid6: sse2x4   xor()  6240 MB/s
[   13.786525] raid6: using algorithm sse2x4 gen() 8665 MB/s
[   13.787932] raid6: .... xor() 6240 MB/s, rmw enabled
[   13.789263] raid6: using ssse3x2 recovery algorithm
[   13.792911] xor: measuring software checksum speed
[   13.832503]    prefetch64-sse: 11415.000 MB/sec
[   13.872539]    generic_sse: 11923.000 MB/sec
[   13.873733] xor: using function: generic_sse (11923.000 MB/sec)
[   13.877027] async_tx: api initialized (async)
done.
Begin: Running /scripts/init-premount ... done.
Begin: Mounting root file system ... Begin: Running /scripts/local-top ... done.
Begin: Running /scripts/local-premount ... [   13.946943] Btrfs loaded, crc32c=crc32c-intel
Scanning for Btrfs filesystems
done.
Begin: Will now check root file system ... fsck from util-linux 2.31.1
[/sbin/fsck.ext4 (1) -- /dev/sda1] fsck.ext4 -a -C0 /dev/sda1 
cloudimg-rootfs: recovering journal
cloudimg-rootfs: clean, 108288/5120000 files, 788781/10485499 blocks
done.
[   14.093822] EXT4-fs (sda1): mounted filesystem with ordered data mode. Opts: (null)
done.
Begin: Running /scripts/local-bottom ... done.
Begin: Running /scripts/init-bottom ... done.
[   14.477236] ip_tables: (C) 2000-2006 Netfilter Core Team
[   14.503317] systemd[1]: systemd 237 running in system mode. (+PAM +AUDIT +SELINUX +IMA +APPARMOR +SMACK +SYSVINIT +UTMP +LIBCRYPTSETUP +GCRYPT +GNUTLS +ACL +XZ +LZ4 +SECCOMP +BLKID +ELFUTILS +KMOD -IDN2 +IDN -PCRE2 default-hierarchy=hybrid)
[   14.508895] systemd[1]: Detected virtualization oracle.
[   14.510440] systemd[1]: Detected architecture x86-64.

Welcome to [1mUbuntu 18.04.6 LTS[0m!

[   14.529669] systemd[1]: Set hostname to <ubuntu-bionic>.
[   14.961126] random: systemd: uninitialized urandom read (16 bytes read)
[   14.964860] systemd[1]: Created slice User and Session Slice.
[[0;32m  OK  [0m] Created slice User and Session Slice.
[   14.967307] random: systemd: uninitialized urandom read (16 bytes read)
[   14.969614] systemd[1]: Reached target System Time Synchronized.
[[0;32m  OK  [0m] Reached target System Time Synchronized.
[   14.971969] random: systemd: uninitialized urandom read (16 bytes read)
[   14.973734] systemd[1]: Reached target User and Group Name Lookups.
[[0;32m  OK  [0m] Reached target User and Group Name Lookups.
[   14.989020] systemd[1]: Reached target Swap.
[[0;32m  OK  [0m] Reached target Swap.
[   14.991372] systemd[1]: Created slice System Slice.
[[0;32m  OK  [0m] Created slice System Slice.
[   14.993615] systemd[1]: Listening on /dev/initctl Compatibility Named Pipe.
[[0;32m  OK  [0m] Listening on /dev/initctl Compatibility Named Pipe.
[[0;32m  OK  [0m] Listening on LVM2 metadata daemon socket.
[[0;32m  OK  [0m] Listening on Device-mapper event daemon FIFOs.
[[0;32m  OK  [0m] Created slice system-serial\x2dgetty.slice.
[[0;32m  OK  [0m] Reached target Slices.
[[0;32m  OK  [0m] Started Forward Password Requests to Wall Directory Watch.
[[0;32m  OK  [0m] Listening on Syslog Socket.
[[0;32m  OK  [0m] Listening on Journal Audit Socket.
[[0;32m  OK  [0m] Reached target Mounting snaps.
[[0;32m  OK  [0m] Reached target Mounted snaps.
[[0;32m  OK  [0m] Listening on Journal Socket (/dev/log).
[[0;32m  OK  [0m] Listening on Network Service Netlink Socket.
[[0;32m  OK  [0m] Set up automount Arbitrary Executabâ€¦rmats File System Automount Point.
[[0;32m  OK  [0m] Listening on LVM2 poll daemon socket.
[[0;32m  OK  [0m] Listening on udev Kernel Socket.
[[0;32m  OK  [0m] Listening on fsck to fsckd communication Socket.
[[0;32m  OK  [0m] Listening on Journal Socket.
         Mounting Huge Pages File System...
         Starting Uncomplicated firewall...
         Mounting POSIX Message Queue File System...
         Starting Set the console keyboard layout...
         Starting Create list of required stâ€¦ce nodes for the current kernel...
         Mounting Kernel Debug File System...
         Starting Remount Root and Kernel File Systems...
         Starting Monitoring of LVM2 mirrorsâ€¦ng dmeventd or progress polling...
[   15.104922] EXT4-fs (sda1): re-mounted. Opts: (null)
         Starting Journal Service...
         Starting Load Kernel Modules...
[[0;32m  OK  [0m] Listening on udev Control Socket.
         Starting udev Coldplug all Devices...
[[0;32m  OK  [0m] Mounted Huge Pages File System.
[[0;32m  OK  [0m] Started Uncomplicated firewall.
[[0;32m  OK  [0m] Mounted POSIX Message Queue File System.
[[0;32m  OK  [0m] Started Create list of required staâ€¦vice nodes for the current kernel.
[[0;32m  OK  [0m] Mounted Kernel Debug File System.
[[0;32m  OK  [0m] Started Remount Root and Kernel File Systems.
         Starting Load/Save Random Seed...
[   15.198240] Loading iSCSI transport class v2.0-870.
         Starting Create Static Device Nodes in /dev...
[[0;32m  OK  [0m] Started Journal Service.
         Starting Flush Journal to Persistent Storage...
[[0;32m  OK  [0m] Started Load/Save Random Seed.
[[0;32m  OK  [0m] Started Set the console keyboard layout.
[   15.258699] iscsi: registered transport (tcp)
[[0;32m  OK  [0m] Started udev Coldplug all Devices.
[   15.314646] systemd-journald[395]: Received request to flush runtime journal from PID 1
[[0;32m  OK  [0m] Started LVM2 metadata daemon.
[[0;32m  OK  [0m] Started Create Static Device Nodes in /dev.
         Starting udev Kernel Device Manager...
[   15.341419] iscsi: registered transport (iser)
[[0;32m  OK  [0m] Started Load Kernel Modules.
         Mounting Kernel Configuration File System...
         Mounting FUSE Control File System...
         Starting Apply Kernel Variables...
[[0;32m  OK  [0m] Mounted Kernel Configuration File System.
[[0;32m  OK  [0m] Mounted FUSE Control File System.
[[0;32m  OK  [0m] Started udev Kernel Device Manager.
[[0;32m  OK  [0m] Started Dispatch Password Requests to Console Directory Watch.
[[0;32m  OK  [0m] Reached target Local Encrypted Volumes.
[[0;32m  OK  [0m] Started Monitoring of LVM2 mirrors,â€¦sing dmeventd or progress polling.
[[0;32m  OK  [0m] Started Apply Kernel Variables.
[[0;32m  OK  [0m] Reached target Local File Systems (Pre).
[[0;32m  OK  [0m] Reached target Local File Systems.
         Starting Set console font and keymap...
         Starting ebtables ruleset management...
         Starting AppArmor initialization...
         Starting Tell Plymouth To Write Out Runtime Data...
[[0;32m  OK  [0m] Started Set console font and keymap.
[[0;32m  OK  [0m] Started Tell Plymouth To Write Out Runtime Data.
[[0;32m  OK  [0m] Started Flush Journal to Persistent Storage.
         Starting Create Volatile Files and Directories...
[[0;32m  OK  [0m] Started Create Volatile Files and Directories.
         Starting Update UTMP about System Boot/Shutdown...
[[0;32m  OK  [0m] Started Update UTMP about System Boot/Shutdown.
[[0;32m  OK  [0m] Started ebtables ruleset management.
[[0;32m  OK  [0m] Found device /dev/ttyS0.
[[0;32m  OK  [0m] Started AppArmor initialization.
         Starting Load AppArmor profiles managed internally by snapd...
         Starting Initial cloud-init job (pre-networking)...
         Mounting Arbitrary Executable File Formats File System...
[[0;32m  OK  [0m] Listening on Load/Save RF Kill Switch Status /dev/rfkill Watch.
[[0;32m  OK  [0m] Mounted Arbitrary Executable File Formats File System.
[[0;32m  OK  [0m] Started Load AppArmor profiles managed internally by snapd.
[   18.629847] cloud-init[524]: Cloud-init v. 23.1.2-0ubuntu0~18.04.1 running 'init-local' at Sun, 28 Sep 2025 16:21:51 +0000. Up 18.37 seconds.
[[0;32m  OK  [0m] Started Initial cloud-init job (pre-networking).
[[0;32m  OK  [0m] Reached target Network (Pre).
         Starting Network Service...
[[0;32m  OK  [0m] Started Network Service.
         Starting Wait for Network to be Configured...
         Starting Network Name Resolution...
[[0;32m  OK  [0m] Started Network Name Resolution.
[[0;32m  OK  [0m] Reached target Host and Network Name Lookups.
[[0;32m  OK  [0m] Reached target Network.
[[0;32m  OK  [0m] Started Wait for Network to be Configured.
         Starting Initial cloud-init job (metadata service crawler)...
[   21.933440] cloud-init[650]: Cloud-init v. 23.1.2-0ubuntu0~18.04.1 running 'init' at Sun, 28 Sep 2025 16:21:55 +0000. Up 21.69 seconds.
[   21.944825] cloud-init[650]: ci-info: +++++++++++++++++++++++++++++++++++++++++++Net device info++++++++++++++++++++++++++++++++++++++++++++
[   21.956616] cloud-init[650]: ci-info: +--------+------+---------------------------------------+---------------+--------+-------------------+
[   21.968372] cloud-init[650]: ci-info: | Device |  Up  |                Address                |      Mask     | Scope  |     Hw-Address    |
[   21.984843] cloud-init[650]: ci-info: +--------+------+---------------------------------------+---------------+--------+-------------------+
[   21.986113] cloud-init[650]: ci-info: | enp0s3 | True |               10.0.2.15               | 255.255.255.0 | global | 02:3b:7b:b7:3b:2d |
[   21.996506] cloud-init[650]: ci-info: | enp0s3 | True | fd17:625c:f037:2:3b:7bff:feb7:3b2d/64 |       .       | global | 02:3b:7b:b7:3b:2d |
[   21.997819] cloud-init[650]: ci-info: | enp0s3 | True |       fe80::3b:7bff:feb7:3b2d/64      |       .       |  link  | 02:3b:7b:b7:3b:2d |
[   22.008303] cloud-init[650]: ci-info: |   lo   | True |               127.0.0.1               |   255.0.0.0   |  host  |         .         |
[   22.020969] cloud-init[650]: ci-info: |   lo   | True |                ::1/128                |       .       |  host  |         .         |
[   22.022050] cloud-init[650]: ci-info: +--------+------+---------------------------------------+---------------+--------+-------------------+
[   22.032731] cloud-init[650]: ci-info: ++++++++++++++++++++++++++++Route IPv4 info+++++++++++++++++++++++++++++
[   22.048471] cloud-init[650]: ci-info: +-------+-------------+----------+-----------------+-----------+-------+
[   22.049956] cloud-init[650]: ci-info: | Route | Destination | Gateway  |     Genmask     | Interface | Flags |
[   22.060350] cloud-init[650]: ci-info: +-------+-------------+----------+-----------------+-----------+-------+
[   22.074164] cloud-init[650]: ci-info: |   0   |   0.0.0.0   | 10.0.2.2 |     0.0.0.0     |   enp0s3  |   UG  |
[   22.084483] cloud-init[650]: ci-info: |   1   |   10.0.2.0  | 0.0.0.0  |  255.255.255.0  |   enp0s3  |   U   |
[   22.085941] cloud-init[650]: ci-info: |   2   |   10.0.2.2  | 0.0.0.0  | 255.255.255.255 |   enp0s3  |   UH  |
[   22.097097] cloud-init[650]: ci-info: +-------+-------------+----------+-----------------+-----------+-------+
[   22.108459] cloud-init[650]: ci-info: ++++++++++++++++++++++++Route IPv6 info++++++++++++++++++++++++
[   22.109265] cloud-init[650]: ci-info: +-------+-----------------------+---------+-----------+-------+
[   22.120372] cloud-init[650]: ci-info: | Route |      Destination      | Gateway | Interface | Flags |
[   22.132432] cloud-init[650]: ci-info: +-------+-----------------------+---------+-----------+-------+
[   22.146886] cloud-init[650]: ci-info: |   1   | fd17:625c:f037:2::/64 |    ::   |   enp0s3  |   U   |
[   22.160646] cloud-init[650]: ci-info: |   2   |       fe80::/64       |    ::   |   enp0s3  |   U   |
[   22.161576] cloud-init[650]: ci-info: |   3   |          ::/0         | fe80::2 |   enp0s3  |   UG  |
[   22.162667] cloud-init[650]: ci-info: |   5   |         local         |    ::   |   enp0s3  |   U   |
[   22.163701] cloud-init[650]: ci-info: |   6   |        ff00::/8       |    ::   |   enp0s3  |   U   |
[   22.165174] cloud-init[650]: ci-info: +-------+-----------------------+---------+-----------+-------+
[[0;32m  OK  [0m] Started Initial cloud-init job (metadata service crawler).
[[0;32m  OK  [0m] Reached target Network is Online.
[[0;32m  OK  [0m] Reached target Remote File Systems (Pre).
         Starting Availability of block devices...
         Mounting /vagrant...
[[0;32m  OK  [0m] Reached target System Initialization.
[[0;32m  OK  [0m] Listening on ACPID Listen Socket.
[[0;32m  OK  [0m] Started ACPI Events Check.
         Starting LXD - unix socket.
[[0;32m  OK  [0m] Started Discard unused blocks once a week.
[[0;32m  OK  [0m] Reached target Paths.
[[0;32m  OK  [0m] Listening on UUID daemon activation socket.
[[0;32m  OK  [0m] Listening on cloud-init hotplug hook socket.
[[0;32m  OK  [0m] Started Ubuntu Advantage Timer for running repeated jobs.
[[0;32m  OK  [0m] Listening on Open-iSCSI iscsid Socket.
         Starting Socket activation for snappy daemon.
[[0;32m  OK  [0m] Started Daily apt upgrade and clean activities.
[[0;32m  OK  [0m] Started Message of the Day.
[[0;32m  OK  [0m] Started Daily Cleanup of Temporary Directories.
[[0;32m  OK  [0m] Reached target Timers.
[[0;32m  OK  [0m] Listening on D-Bus System Message Bus Socket.
[[0;32m  OK  [0m] Reached target Cloud-config availability.
[[0;32m  OK  [0m] Started Availability of block devices.
[[0;32m  OK  [0m] Mounted /vagrant.
[[0;32m  OK  [0m] Listening on LXD - unix socket.
[[0;32m  OK  [0m] Listening on Socket activation for snappy daemon.
[[0;32m  OK  [0m] Reached target Sockets.
[[0;32m  OK  [0m] Reached target Basic System.
[[0;32m  OK  [0m] Started Deferred execution scheduler.
         Starting Accounts Service...
[[0;32m  OK  [0m] Started D-Bus System Message Bus.
         Starting Virtualbox guest utils...
         Starting Login Service...
         Starting Daily apt upgrade and clean activities...
         Starting System Logging Service...
         Starting LSB: Record successful boot for GRUB...
         Starting Dispatcher daemon for systemd-networkd...
[[0;32m  OK  [0m] Reached target Login Prompts (Pre).
[[0;32m  OK  [0m] Started Regular background program processing daemon.
         Starting Message of the Day...
[[0;32m  OK  [0m] Started irqbalance daemon.
         Starting Snap Daemon...
[[0;32m  OK  [0m] Started FUSE filesystem for LXC.
         Starting OpenBSD Secure Shell server...
         Starting LXD - container startup/shutdown...
[[0;32m  OK  [0m] Reached target Remote File Systems.
         Starting LSB: automatic crash report generation...
         Starting Permit User Sessions...
[[0;32m  OK  [0m] Started System Logging Service.
[[0;32m  OK  [0m] Started Login Service.
[[0;32m  OK  [0m] Started Permit User Sessions.
         Starting Hold until boot process finishes up...
         Starting Terminate Plymouth Boot Screen...
         Starting Authorization Manager...
[[0;32m  OK  [0m] Started Unattended Upgrades Shutdown.
[[0;32m  OK  [0m] Started Hold until boot process finishes up.
[[0;32m  OK  [0m] Started Terminate Plymouth Boot Screen.
         Starting Set console scheme...
[[0;32m  OK  [0m] Started Serial Getty on ttyS0.
[[0;32m  OK  [0m] Started LSB: Record successful boot for GRUB.
[[0;32m  OK  [0m] Started Set console scheme.
[[0;32m  OK  [0m] Started OpenBSD Secure Shell server.
[[0;32m  OK  [0m] Created slice system-getty.slice.
[[0;32m  OK  [0m] Started Getty on tty1.
[[0;32m  OK  [0m] Reached target Login Prompts.
[[0;32m  OK  [0m] Started Virtualbox guest utils.
[[0;32m  OK  [0m] Started LSB: automatic crash report generation.
[[0;32m  OK  [0m] Started Authorization Manager.
[[0;32m  OK  [0m] Started Accounts Service.
[[0;32m  OK  [0m] Started LXD - container startup/shutdown.
[[0;32m  OK  [0m] Created slice User Slice of vagrant.
[[0;32m  OK  [0m] Started Dispatcher daemon for systemd-networkd.
         Starting User Manager for UID 1000...
[[0;32m  OK  [0m] Started Session 1 of user vagrant.
[[0;32m  OK  [0m] Started Snap Daemon.
         Starting Wait until snapd is fully seeded...
[[0;32m  OK  [0m] Started User Manager for UID 1000.
         Starting Time & Date Service...
[[0;32m  OK  [0m] Started Time & Date Service.
[[0;32m  OK  [0m] Started Wait until snapd is fully seeded.
         Starting Apply the settings specified in cloud-config...
[   28.222948] cloud-init[1184]: Cloud-init v. 23.1.2-0ubuntu0~18.04.1 running 'modules:config' at Sun, 28 Sep 2025 16:22:00 +0000. Up 27.46 seconds.
[[0;32m  OK  [0m] Started Apply the settings specified in cloud-config.
[[0;32m  OK  [0m] Reached target Multi-User System.
[[0;32m  OK  [0m] Reached target Graphical Interface.
         Starting Update UTMP about System Runlevel Changes...
         Starting Execute cloud user/final scripts...
[[0;32m  OK  [0m] Started Update UTMP about System Runlevel Changes.

Ubuntu 18.04.6 LTS ubuntu-bionic ttyS0

ubuntu-bionic login: [   30.506077] cloud-init[1344]: Cloud-init v. 23.1.2-0ubuntu0~18.04.1 running 'modules:final' at Sun, 28 Sep 2025 16:22:03 +0000. Up 30.05 seconds.
[   30.506573] cloud-init[1344]: Cloud-init v. 23.1.2-0ubuntu0~18.04.1 finished at Sun, 28 Sep 2025 16:22:03 +0000. Datasource DataSourceNoCloud [seed=/dev/sdb][dsmode=net].  Up 30.47 seconds
